Testing Database Connection and Models...

Executing (default): SELECT 1+1 AS result
Γ£ô Database connection successful
Executing (default): SELECT name FROM sqlite_master WHERE type='table' AND name='users';
Executing (default): PRAGMA TABLE_INFO(`users`);
Executing (default): PRAGMA foreign_key_list(`users`)
Executing (default): PRAGMA INDEX_LIST(`users`)
Executing (default): PRAGMA foreign_key_list(`users`)
Executing (default): PRAGMA TABLE_INFO(`users`);
Executing (default): PRAGMA INDEX_LIST(`users`)
Executing (default): PRAGMA foreign_key_list(`users`)
Executing (default): CREATE TABLE IF NOT EXISTS `users_backup` (`id` INTEGER PRIMARY KEY, `name` VARCHAR(255) NOT NULL, `email` VARCHAR(255) NOT NULL, `phone` VARCHAR(255) NOT NULL, `password` VARCHAR(255) NOT NULL, `address` TEXT NOT NULL, `role` TEXT DEFAULT 'user', `isActive` TINYINT(1) DEFAULT 1, `resetPasswordToken` VARCHAR(255), `resetPasswordExpire` DATETIME, `createdAt` DATETIME NOT NULL, `updatedAt` DATETIME NOT NULL);
Executing (default): INSERT INTO `users_backup` SELECT `id`, `name`, `email`, `phone`, `password`, `address`, `role`, `isActive`, `resetPasswordToken`, `resetPasswordExpire`, `createdAt`, `updatedAt` FROM `users`;
Executing (default): DROP TABLE `users`;
Executing (default): CREATE TABLE IF NOT EXISTS `users` (`id` INTEGER PRIMARY KEY, `name` VARCHAR(255) NOT NULL, `email` VARCHAR(255) NOT NULL, `phone` VARCHAR(255) NOT NULL, `password` VARCHAR(255) NOT NULL, `address` TEXT NOT NULL, `role` TEXT DEFAULT 'user', `isActive` TINYINT(1) DEFAULT 1, `resetPasswordToken` VARCHAR(255), `resetPasswordExpire` DATETIME, `createdAt` DATETIME NOT NULL, `updatedAt` DATETIME NOT NULL);
Executing (default): INSERT INTO `users` SELECT `id`, `name`, `email`, `phone`, `password`, `address`, `role`, `isActive`, `resetPasswordToken`, `resetPasswordExpire`, `createdAt`, `updatedAt` FROM `users_backup`;
Executing (default): DROP TABLE `users_backup`;
Executing (default): PRAGMA TABLE_INFO(`users`);
Executing (default): PRAGMA INDEX_LIST(`users`)
Executing (default): PRAGMA foreign_key_list(`users`)
Executing (default): CREATE TABLE IF NOT EXISTS `users_backup` (`id` INTEGER PRIMARY KEY, `name` VARCHAR(255) NOT NULL, `email` VARCHAR(255) NOT NULL, `phone` VARCHAR(255) NOT NULL, `password` VARCHAR(255) NOT NULL, `address` TEXT NOT NULL, `role` TEXT DEFAULT 'user', `isActive` TINYINT(1) DEFAULT 1, `resetPasswordToken` VARCHAR(255), `resetPasswordExpire` DATETIME, `createdAt` DATETIME NOT NULL, `updatedAt` DATETIME NOT NULL);
Executing (default): INSERT INTO `users_backup` SELECT `id`, `name`, `email`, `phone`, `password`, `address`, `role`, `isActive`, `resetPasswordToken`, `resetPasswordExpire`, `createdAt`, `updatedAt` FROM `users`;
Executing (default): DROP TABLE `users`;
Executing (default): CREATE TABLE IF NOT EXISTS `users` (`id` INTEGER PRIMARY KEY, `name` VARCHAR(255) NOT NULL, `email` VARCHAR(255) NOT NULL, `phone` VARCHAR(255) NOT NULL, `password` VARCHAR(255) NOT NULL, `address` TEXT NOT NULL, `role` TEXT DEFAULT 'user', `isActive` TINYINT(1) DEFAULT 1, `resetPasswordToken` VARCHAR(255), `resetPasswordExpire` DATETIME, `createdAt` DATETIME NOT NULL, `updatedAt` DATETIME NOT NULL);
Executing (default): INSERT INTO `users` SELECT `id`, `name`, `email`, `phone`, `password`, `address`, `role`, `isActive`, `resetPasswordToken`, `resetPasswordExpire`, `createdAt`, `updatedAt` FROM `users_backup`;
Executing (default): DROP TABLE `users_backup`;
Executing (default): PRAGMA TABLE_INFO(`users`);
Executing (default): PRAGMA INDEX_LIST(`users`)
Executing (default): PRAGMA foreign_key_list(`users`)
Executing (default): CREATE TABLE IF NOT EXISTS `users_backup` (`id` INTEGER PRIMARY KEY, `name` VARCHAR(255) NOT NULL, `email` VARCHAR(255) NOT NULL, `phone` VARCHAR(255) NOT NULL, `password` VARCHAR(255) NOT NULL, `address` TEXT NOT NULL, `role` TEXT DEFAULT 'user', `isActive` TINYINT(1) DEFAULT 1, `resetPasswordToken` VARCHAR(255), `resetPasswordExpire` DATETIME, `createdAt` DATETIME NOT NULL, `updatedAt` DATETIME NOT NULL);
Executing (default): INSERT INTO `users_backup` SELECT `id`, `name`, `email`, `phone`, `password`, `address`, `role`, `isActive`, `resetPasswordToken`, `resetPasswordExpire`, `createdAt`, `updatedAt` FROM `users`;
Executing (default): DROP TABLE `users`;
Executing (default): CREATE TABLE IF NOT EXISTS `users` (`id` INTEGER PRIMARY KEY, `name` VARCHAR(255) NOT NULL, `email` VARCHAR(255) NOT NULL, `phone` VARCHAR(255) NOT NULL, `password` VARCHAR(255) NOT NULL, `address` TEXT NOT NULL, `role` TEXT DEFAULT 'user', `isActive` TINYINT(1) DEFAULT 1, `resetPasswordToken` VARCHAR(255), `resetPasswordExpire` DATETIME, `createdAt` DATETIME NOT NULL, `updatedAt` DATETIME NOT NULL);
Executing (default): INSERT INTO `users` SELECT `id`, `name`, `email`, `phone`, `password`, `address`, `role`, `isActive`, `resetPasswordToken`, `resetPasswordExpire`, `createdAt`, `updatedAt` FROM `users_backup`;
Executing (default): DROP TABLE `users_backup`;
Executing (default): PRAGMA TABLE_INFO(`users`);
Executing (default): PRAGMA INDEX_LIST(`users`)
Executing (default): PRAGMA foreign_key_list(`users`)
Executing (default): CREATE TABLE IF NOT EXISTS `users_backup` (`id` INTEGER PRIMARY KEY, `name` VARCHAR(255) NOT NULL, `email` VARCHAR(255) NOT NULL, `phone` VARCHAR(255) NOT NULL, `password` VARCHAR(255) NOT NULL, `address` TEXT NOT NULL, `role` TEXT DEFAULT 'user', `isActive` TINYINT(1) DEFAULT 1, `resetPasswordToken` VARCHAR(255), `resetPasswordExpire` DATETIME, `createdAt` DATETIME NOT NULL, `updatedAt` DATETIME NOT NULL);
Executing (default): INSERT INTO `users_backup` SELECT `id`, `name`, `email`, `phone`, `password`, `address`, `role`, `isActive`, `resetPasswordToken`, `resetPasswordExpire`, `createdAt`, `updatedAt` FROM `users`;
Executing (default): DROP TABLE `users`;
Executing (default): CREATE TABLE IF NOT EXISTS `users` (`id` INTEGER PRIMARY KEY, `name` VARCHAR(255) NOT NULL, `email` VARCHAR(255) NOT NULL, `phone` VARCHAR(255) NOT NULL, `password` VARCHAR(255) NOT NULL, `address` TEXT NOT NULL, `role` TEXT DEFAULT 'user', `isActive` TINYINT(1) DEFAULT 1, `resetPasswordToken` VARCHAR(255), `resetPasswordExpire` DATETIME, `createdAt` DATETIME NOT NULL, `updatedAt` DATETIME NOT NULL);
Executing (default): INSERT INTO `users` SELECT `id`, `name`, `email`, `phone`, `password`, `address`, `role`, `isActive`, `resetPasswordToken`, `resetPasswordExpire`, `createdAt`, `updatedAt` FROM `users_backup`;
Executing (default): DROP TABLE `users_backup`;
Executing (default): PRAGMA TABLE_INFO(`users`);
Executing (default): PRAGMA INDEX_LIST(`users`)
Executing (default): PRAGMA foreign_key_list(`users`)
Executing (default): CREATE TABLE IF NOT EXISTS `users_backup` (`id` INTEGER PRIMARY KEY, `name` VARCHAR(255) NOT NULL, `email` VARCHAR(255) NOT NULL, `phone` VARCHAR(255) NOT NULL, `password` VARCHAR(255) NOT NULL, `address` TEXT NOT NULL, `role` TEXT DEFAULT 'user', `isActive` TINYINT(1) DEFAULT 1, `resetPasswordToken` VARCHAR(255), `resetPasswordExpire` DATETIME, `createdAt` DATETIME NOT NULL, `updatedAt` DATETIME NOT NULL);
Executing (default): INSERT INTO `users_backup` SELECT `id`, `name`, `email`, `phone`, `password`, `address`, `role`, `isActive`, `resetPasswordToken`, `resetPasswordExpire`, `createdAt`, `updatedAt` FROM `users`;
Executing (default): DROP TABLE `users`;
Executing (default): CREATE TABLE IF NOT EXISTS `users` (`id` INTEGER PRIMARY KEY, `name` VARCHAR(255) NOT NULL, `email` VARCHAR(255) NOT NULL, `phone` VARCHAR(255) NOT NULL, `password` VARCHAR(255) NOT NULL, `address` TEXT NOT NULL, `role` TEXT DEFAULT 'user', `isActive` TINYINT(1) DEFAULT 1, `resetPasswordToken` VARCHAR(255), `resetPasswordExpire` DATETIME, `createdAt` DATETIME NOT NULL, `updatedAt` DATETIME NOT NULL);
Executing (default): INSERT INTO `users` SELECT `id`, `name`, `email`, `phone`, `password`, `address`, `role`, `isActive`, `resetPasswordToken`, `resetPasswordExpire`, `createdAt`, `updatedAt` FROM `users_backup`;
Executing (default): DROP TABLE `users_backup`;
Executing (default): PRAGMA TABLE_INFO(`users`);
Executing (default): PRAGMA INDEX_LIST(`users`)
Executing (default): PRAGMA foreign_key_list(`users`)
Executing (default): CREATE TABLE IF NOT EXISTS `users_backup` (`id` INTEGER PRIMARY KEY, `name` VARCHAR(255) NOT NULL, `email` VARCHAR(255) NOT NULL, `phone` VARCHAR(255) NOT NULL, `password` VARCHAR(255) NOT NULL, `address` TEXT NOT NULL, `role` TEXT DEFAULT 'user', `isActive` TINYINT(1) DEFAULT 1, `resetPasswordToken` VARCHAR(255), `resetPasswordExpire` DATETIME, `createdAt` DATETIME NOT NULL, `updatedAt` DATETIME NOT NULL);
Executing (default): INSERT INTO `users_backup` SELECT `id`, `name`, `email`, `phone`, `password`, `address`, `role`, `isActive`, `resetPasswordToken`, `resetPasswordExpire`, `createdAt`, `updatedAt` FROM `users`;
Executing (default): DROP TABLE `users`;
Executing (default): CREATE TABLE IF NOT EXISTS `users` (`id` INTEGER PRIMARY KEY, `name` VARCHAR(255) NOT NULL, `email` VARCHAR(255) NOT NULL, `phone` VARCHAR(255) NOT NULL, `password` VARCHAR(255) NOT NULL, `address` TEXT NOT NULL, `role` TEXT DEFAULT 'user', `isActive` TINYINT(1) DEFAULT 1, `resetPasswordToken` VARCHAR(255), `resetPasswordExpire` DATETIME, `createdAt` DATETIME NOT NULL, `updatedAt` DATETIME NOT NULL);
Executing (default): INSERT INTO `users` SELECT `id`, `name`, `email`, `phone`, `password`, `address`, `role`, `isActive`, `resetPasswordToken`, `resetPasswordExpire`, `createdAt`, `updatedAt` FROM `users_backup`;
Executing (default): DROP TABLE `users_backup`;
Executing (default): PRAGMA TABLE_INFO(`users`);
Executing (default): PRAGMA INDEX_LIST(`users`)
Executing (default): PRAGMA foreign_key_list(`users`)
Executing (default): CREATE TABLE IF NOT EXISTS `users_backup` (`id` INTEGER PRIMARY KEY, `name` VARCHAR(255) NOT NULL, `email` VARCHAR(255) NOT NULL, `phone` VARCHAR(255) NOT NULL, `password` VARCHAR(255) NOT NULL, `address` TEXT NOT NULL, `role` TEXT DEFAULT 'user', `isActive` TINYINT(1) DEFAULT 1, `resetPasswordToken` VARCHAR(255), `resetPasswordExpire` DATETIME, `createdAt` DATETIME NOT NULL, `updatedAt` DATETIME NOT NULL);
Executing (default): INSERT INTO `users_backup` SELECT `id`, `name`, `email`, `phone`, `password`, `address`, `role`, `isActive`, `resetPasswordToken`, `resetPasswordExpire`, `createdAt`, `updatedAt` FROM `users`;
Executing (default): DROP TABLE `users`;
Executing (default): CREATE TABLE IF NOT EXISTS `users` (`id` INTEGER PRIMARY KEY, `name` VARCHAR(255) NOT NULL, `email` VARCHAR(255) NOT NULL, `phone` VARCHAR(255) NOT NULL, `password` VARCHAR(255) NOT NULL, `address` TEXT NOT NULL, `role` TEXT DEFAULT 'user', `isActive` TINYINT(1) DEFAULT 1, `resetPasswordToken` VARCHAR(255), `resetPasswordExpire` DATETIME, `createdAt` DATETIME NOT NULL, `updatedAt` DATETIME NOT NULL);
Executing (default): INSERT INTO `users` SELECT `id`, `name`, `email`, `phone`, `password`, `address`, `role`, `isActive`, `resetPasswordToken`, `resetPasswordExpire`, `createdAt`, `updatedAt` FROM `users_backup`;
Executing (default): DROP TABLE `users_backup`;
Executing (default): PRAGMA TABLE_INFO(`users`);
Executing (default): PRAGMA INDEX_LIST(`users`)
Executing (default): PRAGMA foreign_key_list(`users`)
Executing (default): CREATE TABLE IF NOT EXISTS `users_backup` (`id` INTEGER PRIMARY KEY, `name` VARCHAR(255) NOT NULL, `email` VARCHAR(255) NOT NULL, `phone` VARCHAR(255) NOT NULL, `password` VARCHAR(255) NOT NULL, `address` TEXT NOT NULL, `role` TEXT DEFAULT 'user', `isActive` TINYINT(1) DEFAULT 1, `resetPasswordToken` VARCHAR(255), `resetPasswordExpire` DATETIME, `createdAt` DATETIME NOT NULL, `updatedAt` DATETIME NOT NULL);
Executing (default): INSERT INTO `users_backup` SELECT `id`, `name`, `email`, `phone`, `password`, `address`, `role`, `isActive`, `resetPasswordToken`, `resetPasswordExpire`, `createdAt`, `updatedAt` FROM `users`;
Executing (default): DROP TABLE `users`;
Executing (default): CREATE TABLE IF NOT EXISTS `users` (`id` INTEGER PRIMARY KEY, `name` VARCHAR(255) NOT NULL, `email` VARCHAR(255) NOT NULL, `phone` VARCHAR(255) NOT NULL, `password` VARCHAR(255) NOT NULL, `address` TEXT NOT NULL, `role` TEXT DEFAULT 'user', `isActive` TINYINT(1) DEFAULT 1, `resetPasswordToken` VARCHAR(255), `resetPasswordExpire` DATETIME, `createdAt` DATETIME NOT NULL, `updatedAt` DATETIME NOT NULL);
Executing (default): INSERT INTO `users` SELECT `id`, `name`, `email`, `phone`, `password`, `address`, `role`, `isActive`, `resetPasswordToken`, `resetPasswordExpire`, `createdAt`, `updatedAt` FROM `users_backup`;
Executing (default): DROP TABLE `users_backup`;
Executing (default): PRAGMA TABLE_INFO(`users`);
Executing (default): PRAGMA INDEX_LIST(`users`)
Executing (default): PRAGMA foreign_key_list(`users`)
Executing (default): CREATE TABLE IF NOT EXISTS `users_backup` (`id` INTEGER PRIMARY KEY, `name` VARCHAR(255) NOT NULL, `email` VARCHAR(255) NOT NULL, `phone` VARCHAR(255) NOT NULL, `password` VARCHAR(255) NOT NULL, `address` TEXT NOT NULL, `role` TEXT DEFAULT 'user', `isActive` TINYINT(1) DEFAULT 1, `resetPasswordToken` VARCHAR(255), `resetPasswordExpire` DATETIME, `createdAt` DATETIME NOT NULL, `updatedAt` DATETIME NOT NULL);
Executing (default): INSERT INTO `users_backup` SELECT `id`, `name`, `email`, `phone`, `password`, `address`, `role`, `isActive`, `resetPasswordToken`, `resetPasswordExpire`, `createdAt`, `updatedAt` FROM `users`;
Executing (default): DROP TABLE `users`;
Executing (default): CREATE TABLE IF NOT EXISTS `users` (`id` INTEGER PRIMARY KEY, `name` VARCHAR(255) NOT NULL, `email` VARCHAR(255) NOT NULL, `phone` VARCHAR(255) NOT NULL, `password` VARCHAR(255) NOT NULL, `address` TEXT NOT NULL, `role` TEXT DEFAULT 'user', `isActive` TINYINT(1) DEFAULT 1, `resetPasswordToken` VARCHAR(255), `resetPasswordExpire` DATETIME, `createdAt` DATETIME NOT NULL, `updatedAt` DATETIME NOT NULL);
Executing (default): INSERT INTO `users` SELECT `id`, `name`, `email`, `phone`, `password`, `address`, `role`, `isActive`, `resetPasswordToken`, `resetPasswordExpire`, `createdAt`, `updatedAt` FROM `users_backup`;
Executing (default): DROP TABLE `users_backup`;
Executing (default): PRAGMA TABLE_INFO(`users`);
Executing (default): PRAGMA INDEX_LIST(`users`)
Executing (default): PRAGMA foreign_key_list(`users`)
Executing (default): CREATE TABLE IF NOT EXISTS `users_backup` (`id` INTEGER PRIMARY KEY, `name` VARCHAR(255) NOT NULL, `email` VARCHAR(255) NOT NULL, `phone` VARCHAR(255) NOT NULL, `password` VARCHAR(255) NOT NULL, `address` TEXT NOT NULL, `role` TEXT DEFAULT 'user', `isActive` TINYINT(1) DEFAULT 1, `resetPasswordToken` VARCHAR(255), `resetPasswordExpire` DATETIME, `createdAt` DATETIME NOT NULL, `updatedAt` DATETIME NOT NULL);
Executing (default): INSERT INTO `users_backup` SELECT `id`, `name`, `email`, `phone`, `password`, `address`, `role`, `isActive`, `resetPasswordToken`, `resetPasswordExpire`, `createdAt`, `updatedAt` FROM `users`;
Executing (default): DROP TABLE `users`;
Executing (default): CREATE TABLE IF NOT EXISTS `users` (`id` INTEGER PRIMARY KEY, `name` VARCHAR(255) NOT NULL, `email` VARCHAR(255) NOT NULL, `phone` VARCHAR(255) NOT NULL, `password` VARCHAR(255) NOT NULL, `address` TEXT NOT NULL, `role` TEXT DEFAULT 'user', `isActive` TINYINT(1) DEFAULT 1, `resetPasswordToken` VARCHAR(255), `resetPasswordExpire` DATETIME, `createdAt` DATETIME NOT NULL, `updatedAt` DATETIME NOT NULL);
Executing (default): INSERT INTO `users` SELECT `id`, `name`, `email`, `phone`, `password`, `address`, `role`, `isActive`, `resetPasswordToken`, `resetPasswordExpire`, `createdAt`, `updatedAt` FROM `users_backup`;
Executing (default): DROP TABLE `users_backup`;
Executing (default): PRAGMA TABLE_INFO(`users`);
Executing (default): PRAGMA INDEX_LIST(`users`)
Executing (default): PRAGMA foreign_key_list(`users`)
Executing (default): CREATE TABLE IF NOT EXISTS `users_backup` (`id` INTEGER PRIMARY KEY, `name` VARCHAR(255) NOT NULL, `email` VARCHAR(255) NOT NULL, `phone` VARCHAR(255) NOT NULL, `password` VARCHAR(255) NOT NULL, `address` TEXT NOT NULL, `role` TEXT DEFAULT 'user', `isActive` TINYINT(1) DEFAULT 1, `resetPasswordToken` VARCHAR(255), `resetPasswordExpire` DATETIME, `createdAt` DATETIME NOT NULL, `updatedAt` DATETIME NOT NULL);
Executing (default): INSERT INTO `users_backup` SELECT `id`, `name`, `email`, `phone`, `password`, `address`, `role`, `isActive`, `resetPasswordToken`, `resetPasswordExpire`, `createdAt`, `updatedAt` FROM `users`;
Executing (default): DROP TABLE `users`;
Executing (default): CREATE TABLE IF NOT EXISTS `users` (`id` INTEGER PRIMARY KEY, `name` VARCHAR(255) NOT NULL, `email` VARCHAR(255) NOT NULL, `phone` VARCHAR(255) NOT NULL, `password` VARCHAR(255) NOT NULL, `address` TEXT NOT NULL, `role` TEXT DEFAULT 'user', `isActive` TINYINT(1) DEFAULT 1, `resetPasswordToken` VARCHAR(255), `resetPasswordExpire` DATETIME, `createdAt` DATETIME NOT NULL, `updatedAt` DATETIME NOT NULL);
Executing (default): INSERT INTO `users` SELECT `id`, `name`, `email`, `phone`, `password`, `address`, `role`, `isActive`, `resetPasswordToken`, `resetPasswordExpire`, `createdAt`, `updatedAt` FROM `users_backup`;
Executing (default): DROP TABLE `users_backup`;
Executing (default): PRAGMA INDEX_LIST(`users`)
Executing (default): SELECT name FROM sqlite_master WHERE type='table' AND name='products';
Executing (default): PRAGMA TABLE_INFO(`products`);
Executing (default): PRAGMA foreign_key_list(`products`)
Executing (default): PRAGMA INDEX_LIST(`products`)
Executing (default): PRAGMA foreign_key_list(`products`)
Executing (default): PRAGMA TABLE_INFO(`products`);
Executing (default): PRAGMA INDEX_LIST(`products`)
Executing (default): PRAGMA foreign_key_list(`products`)
Executing (default): CREATE TABLE IF NOT EXISTS `products_backup` (`id` INTEGER PRIMARY KEY, `name` VARCHAR(255) NOT NULL, `description` TEXT NOT NULL, `price` DECIMAL(10,2) NOT NULL, `stock` INTEGER NOT NULL DEFAULT '0', `category` VARCHAR(255) NOT NULL, `image` VARCHAR(255) DEFAULT NULL, `rating` FLOAT DEFAULT '0', `reviewCount` INTEGER DEFAULT '0', `isActive` TINYINT(1) DEFAULT 1, `createdBy` INTEGER NOT NULL, `createdAt` DATETIME NOT NULL, `updatedAt` DATETIME NOT NULL);
Executing (default): INSERT INTO `products_backup` SELECT `id`, `name`, `description`, `price`, `stock`, `category`, `image`, `rating`, `reviewCount`, `isActive`, `createdBy`, `createdAt`, `updatedAt` FROM `products`;
Executing (default): DROP TABLE `products`;
Executing (default): CREATE TABLE IF NOT EXISTS `products` (`id` INTEGER PRIMARY KEY, `name` VARCHAR(255) NOT NULL, `description` TEXT NOT NULL, `price` DECIMAL(10,2) NOT NULL, `stock` INTEGER NOT NULL DEFAULT '0', `category` VARCHAR(255) NOT NULL, `image` VARCHAR(255) DEFAULT NULL, `rating` FLOAT DEFAULT '0', `reviewCount` INTEGER DEFAULT '0', `isActive` TINYINT(1) DEFAULT 1, `createdBy` INTEGER NOT NULL, `createdAt` DATETIME NOT NULL, `updatedAt` DATETIME NOT NULL);
Executing (default): INSERT INTO `products` SELECT `id`, `name`, `description`, `price`, `stock`, `category`, `image`, `rating`, `reviewCount`, `isActive`, `createdBy`, `createdAt`, `updatedAt` FROM `products_backup`;
Executing (default): DROP TABLE `products_backup`;
Executing (default): PRAGMA TABLE_INFO(`products`);
Executing (default): PRAGMA INDEX_LIST(`products`)
Executing (default): PRAGMA foreign_key_list(`products`)
Executing (default): CREATE TABLE IF NOT EXISTS `products_backup` (`id` INTEGER PRIMARY KEY, `name` VARCHAR(255) NOT NULL, `description` TEXT NOT NULL, `price` DECIMAL(10,2) NOT NULL, `stock` INTEGER NOT NULL DEFAULT '0', `category` VARCHAR(255) NOT NULL, `image` VARCHAR(255) DEFAULT NULL, `rating` FLOAT DEFAULT '0', `reviewCount` INTEGER DEFAULT '0', `isActive` TINYINT(1) DEFAULT 1, `createdBy` INTEGER NOT NULL, `createdAt` DATETIME NOT NULL, `updatedAt` DATETIME NOT NULL);
Executing (default): INSERT INTO `products_backup` SELECT `id`, `name`, `description`, `price`, `stock`, `category`, `image`, `rating`, `reviewCount`, `isActive`, `createdBy`, `createdAt`, `updatedAt` FROM `products`;
Executing (default): DROP TABLE `products`;
Executing (default): CREATE TABLE IF NOT EXISTS `products` (`id` INTEGER PRIMARY KEY, `name` VARCHAR(255) NOT NULL, `description` TEXT NOT NULL, `price` DECIMAL(10,2) NOT NULL, `stock` INTEGER NOT NULL DEFAULT '0', `category` VARCHAR(255) NOT NULL, `image` VARCHAR(255) DEFAULT NULL, `rating` FLOAT DEFAULT '0', `reviewCount` INTEGER DEFAULT '0', `isActive` TINYINT(1) DEFAULT 1, `createdBy` INTEGER NOT NULL, `createdAt` DATETIME NOT NULL, `updatedAt` DATETIME NOT NULL);
Executing (default): INSERT INTO `products` SELECT `id`, `name`, `description`, `price`, `stock`, `category`, `image`, `rating`, `reviewCount`, `isActive`, `createdBy`, `createdAt`, `updatedAt` FROM `products_backup`;
Executing (default): DROP TABLE `products_backup`;
Executing (default): PRAGMA TABLE_INFO(`products`);
Executing (default): PRAGMA INDEX_LIST(`products`)
Executing (default): PRAGMA foreign_key_list(`products`)
Executing (default): CREATE TABLE IF NOT EXISTS `products_backup` (`id` INTEGER PRIMARY KEY, `name` VARCHAR(255) NOT NULL, `description` TEXT NOT NULL, `price` DECIMAL(10,2) NOT NULL, `stock` INTEGER NOT NULL DEFAULT '0', `category` VARCHAR(255) NOT NULL, `image` VARCHAR(255) DEFAULT NULL, `rating` FLOAT DEFAULT '0', `reviewCount` INTEGER DEFAULT '0', `isActive` TINYINT(1) DEFAULT 1, `createdBy` INTEGER NOT NULL, `createdAt` DATETIME NOT NULL, `updatedAt` DATETIME NOT NULL);
Executing (default): INSERT INTO `products_backup` SELECT `id`, `name`, `description`, `price`, `stock`, `category`, `image`, `rating`, `reviewCount`, `isActive`, `createdBy`, `createdAt`, `updatedAt` FROM `products`;
Executing (default): DROP TABLE `products`;
Executing (default): CREATE TABLE IF NOT EXISTS `products` (`id` INTEGER PRIMARY KEY, `name` VARCHAR(255) NOT NULL, `description` TEXT NOT NULL, `price` DECIMAL(10,2) NOT NULL, `stock` INTEGER NOT NULL DEFAULT '0', `category` VARCHAR(255) NOT NULL, `image` VARCHAR(255) DEFAULT NULL, `rating` FLOAT DEFAULT '0', `reviewCount` INTEGER DEFAULT '0', `isActive` TINYINT(1) DEFAULT 1, `createdBy` INTEGER NOT NULL, `createdAt` DATETIME NOT NULL, `updatedAt` DATETIME NOT NULL);
Executing (default): INSERT INTO `products` SELECT `id`, `name`, `description`, `price`, `stock`, `category`, `image`, `rating`, `reviewCount`, `isActive`, `createdBy`, `createdAt`, `updatedAt` FROM `products_backup`;
Executing (default): DROP TABLE `products_backup`;
Executing (default): PRAGMA TABLE_INFO(`products`);
Executing (default): PRAGMA INDEX_LIST(`products`)
Executing (default): PRAGMA foreign_key_list(`products`)
Executing (default): CREATE TABLE IF NOT EXISTS `products_backup` (`id` INTEGER PRIMARY KEY, `name` VARCHAR(255) NOT NULL, `description` TEXT NOT NULL, `price` DECIMAL(10,2) NOT NULL, `stock` INTEGER NOT NULL DEFAULT 0, `category` VARCHAR(255) NOT NULL, `image` VARCHAR(255) DEFAULT NULL, `rating` FLOAT DEFAULT '0', `reviewCount` INTEGER DEFAULT '0', `isActive` TINYINT(1) DEFAULT 1, `createdBy` INTEGER NOT NULL, `createdAt` DATETIME NOT NULL, `updatedAt` DATETIME NOT NULL);
Executing (default): INSERT INTO `products_backup` SELECT `id`, `name`, `description`, `price`, `stock`, `category`, `image`, `rating`, `reviewCount`, `isActive`, `createdBy`, `createdAt`, `updatedAt` FROM `products`;
Executing (default): DROP TABLE `products`;
Executing (default): CREATE TABLE IF NOT EXISTS `products` (`id` INTEGER PRIMARY KEY, `name` VARCHAR(255) NOT NULL, `description` TEXT NOT NULL, `price` DECIMAL(10,2) NOT NULL, `stock` INTEGER NOT NULL DEFAULT 0, `category` VARCHAR(255) NOT NULL, `image` VARCHAR(255) DEFAULT NULL, `rating` FLOAT DEFAULT '0', `reviewCount` INTEGER DEFAULT '0', `isActive` TINYINT(1) DEFAULT 1, `createdBy` INTEGER NOT NULL, `createdAt` DATETIME NOT NULL, `updatedAt` DATETIME NOT NULL);
Executing (default): INSERT INTO `products` SELECT `id`, `name`, `description`, `price`, `stock`, `category`, `image`, `rating`, `reviewCount`, `isActive`, `createdBy`, `createdAt`, `updatedAt` FROM `products_backup`;
Executing (default): DROP TABLE `products_backup`;
Executing (default): PRAGMA TABLE_INFO(`products`);
Executing (default): PRAGMA INDEX_LIST(`products`)
Executing (default): PRAGMA foreign_key_list(`products`)
Executing (default): CREATE TABLE IF NOT EXISTS `products_backup` (`id` INTEGER PRIMARY KEY, `name` VARCHAR(255) NOT NULL, `description` TEXT NOT NULL, `price` DECIMAL(10,2) NOT NULL, `stock` INTEGER NOT NULL DEFAULT '0', `category` VARCHAR(255) NOT NULL, `image` VARCHAR(255) DEFAULT NULL, `rating` FLOAT DEFAULT '0', `reviewCount` INTEGER DEFAULT '0', `isActive` TINYINT(1) DEFAULT 1, `createdBy` INTEGER NOT NULL, `createdAt` DATETIME NOT NULL, `updatedAt` DATETIME NOT NULL);
Executing (default): INSERT INTO `products_backup` SELECT `id`, `name`, `description`, `price`, `stock`, `category`, `image`, `rating`, `reviewCount`, `isActive`, `createdBy`, `createdAt`, `updatedAt` FROM `products`;
Executing (default): DROP TABLE `products`;
Executing (default): CREATE TABLE IF NOT EXISTS `products` (`id` INTEGER PRIMARY KEY, `name` VARCHAR(255) NOT NULL, `description` TEXT NOT NULL, `price` DECIMAL(10,2) NOT NULL, `stock` INTEGER NOT NULL DEFAULT '0', `category` VARCHAR(255) NOT NULL, `image` VARCHAR(255) DEFAULT NULL, `rating` FLOAT DEFAULT '0', `reviewCount` INTEGER DEFAULT '0', `isActive` TINYINT(1) DEFAULT 1, `createdBy` INTEGER NOT NULL, `createdAt` DATETIME NOT NULL, `updatedAt` DATETIME NOT NULL);
Executing (default): INSERT INTO `products` SELECT `id`, `name`, `description`, `price`, `stock`, `category`, `image`, `rating`, `reviewCount`, `isActive`, `createdBy`, `createdAt`, `updatedAt` FROM `products_backup`;
Executing (default): DROP TABLE `products_backup`;
Executing (default): PRAGMA TABLE_INFO(`products`);
Executing (default): PRAGMA INDEX_LIST(`products`)
Executing (default): PRAGMA foreign_key_list(`products`)
Executing (default): CREATE TABLE IF NOT EXISTS `products_backup` (`id` INTEGER PRIMARY KEY, `name` VARCHAR(255) NOT NULL, `description` TEXT NOT NULL, `price` DECIMAL(10,2) NOT NULL, `stock` INTEGER NOT NULL DEFAULT '0', `category` VARCHAR(255) NOT NULL, `image` VARCHAR(255) DEFAULT NULL, `rating` FLOAT DEFAULT '0', `reviewCount` INTEGER DEFAULT '0', `isActive` TINYINT(1) DEFAULT 1, `createdBy` INTEGER NOT NULL, `createdAt` DATETIME NOT NULL, `updatedAt` DATETIME NOT NULL);
Executing (default): INSERT INTO `products_backup` SELECT `id`, `name`, `description`, `price`, `stock`, `category`, `image`, `rating`, `reviewCount`, `isActive`, `createdBy`, `createdAt`, `updatedAt` FROM `products`;
Executing (default): DROP TABLE `products`;
Executing (default): CREATE TABLE IF NOT EXISTS `products` (`id` INTEGER PRIMARY KEY, `name` VARCHAR(255) NOT NULL, `description` TEXT NOT NULL, `price` DECIMAL(10,2) NOT NULL, `stock` INTEGER NOT NULL DEFAULT '0', `category` VARCHAR(255) NOT NULL, `image` VARCHAR(255) DEFAULT NULL, `rating` FLOAT DEFAULT '0', `reviewCount` INTEGER DEFAULT '0', `isActive` TINYINT(1) DEFAULT 1, `createdBy` INTEGER NOT NULL, `createdAt` DATETIME NOT NULL, `updatedAt` DATETIME NOT NULL);
Executing (default): INSERT INTO `products` SELECT `id`, `name`, `description`, `price`, `stock`, `category`, `image`, `rating`, `reviewCount`, `isActive`, `createdBy`, `createdAt`, `updatedAt` FROM `products_backup`;
Executing (default): DROP TABLE `products_backup`;
Executing (default): PRAGMA TABLE_INFO(`products`);
Executing (default): PRAGMA INDEX_LIST(`products`)
Executing (default): PRAGMA foreign_key_list(`products`)
Executing (default): CREATE TABLE IF NOT EXISTS `products_backup` (`id` INTEGER PRIMARY KEY, `name` VARCHAR(255) NOT NULL, `description` TEXT NOT NULL, `price` DECIMAL(10,2) NOT NULL, `stock` INTEGER NOT NULL DEFAULT '0', `category` VARCHAR(255) NOT NULL, `image` VARCHAR(255) DEFAULT NULL, `rating` FLOAT DEFAULT '0', `reviewCount` INTEGER DEFAULT '0', `isActive` TINYINT(1) DEFAULT 1, `createdBy` INTEGER NOT NULL, `createdAt` DATETIME NOT NULL, `updatedAt` DATETIME NOT NULL);
Executing (default): INSERT INTO `products_backup` SELECT `id`, `name`, `description`, `price`, `stock`, `category`, `image`, `rating`, `reviewCount`, `isActive`, `createdBy`, `createdAt`, `updatedAt` FROM `products`;
Executing (default): DROP TABLE `products`;
Executing (default): CREATE TABLE IF NOT EXISTS `products` (`id` INTEGER PRIMARY KEY, `name` VARCHAR(255) NOT NULL, `description` TEXT NOT NULL, `price` DECIMAL(10,2) NOT NULL, `stock` INTEGER NOT NULL DEFAULT '0', `category` VARCHAR(255) NOT NULL, `image` VARCHAR(255) DEFAULT NULL, `rating` FLOAT DEFAULT '0', `reviewCount` INTEGER DEFAULT '0', `isActive` TINYINT(1) DEFAULT 1, `createdBy` INTEGER NOT NULL, `createdAt` DATETIME NOT NULL, `updatedAt` DATETIME NOT NULL);
Executing (default): INSERT INTO `products` SELECT `id`, `name`, `description`, `price`, `stock`, `category`, `image`, `rating`, `reviewCount`, `isActive`, `createdBy`, `createdAt`, `updatedAt` FROM `products_backup`;
Executing (default): DROP TABLE `products_backup`;
Executing (default): PRAGMA TABLE_INFO(`products`);
Executing (default): PRAGMA INDEX_LIST(`products`)
Executing (default): PRAGMA foreign_key_list(`products`)
Executing (default): CREATE TABLE IF NOT EXISTS `products_backup` (`id` INTEGER PRIMARY KEY, `name` VARCHAR(255) NOT NULL, `description` TEXT NOT NULL, `price` DECIMAL(10,2) NOT NULL, `stock` INTEGER NOT NULL DEFAULT '0', `category` VARCHAR(255) NOT NULL, `image` VARCHAR(255) DEFAULT NULL, `rating` FLOAT DEFAULT '0', `reviewCount` INTEGER DEFAULT 0, `isActive` TINYINT(1) DEFAULT 1, `createdBy` INTEGER NOT NULL, `createdAt` DATETIME NOT NULL, `updatedAt` DATETIME NOT NULL);
Executing (default): INSERT INTO `products_backup` SELECT `id`, `name`, `description`, `price`, `stock`, `category`, `image`, `rating`, `reviewCount`, `isActive`, `createdBy`, `createdAt`, `updatedAt` FROM `products`;
Executing (default): DROP TABLE `products`;
Executing (default): CREATE TABLE IF NOT EXISTS `products` (`id` INTEGER PRIMARY KEY, `name` VARCHAR(255) NOT NULL, `description` TEXT NOT NULL, `price` DECIMAL(10,2) NOT NULL, `stock` INTEGER NOT NULL DEFAULT '0', `category` VARCHAR(255) NOT NULL, `image` VARCHAR(255) DEFAULT NULL, `rating` FLOAT DEFAULT '0', `reviewCount` INTEGER DEFAULT 0, `isActive` TINYINT(1) DEFAULT 1, `createdBy` INTEGER NOT NULL, `createdAt` DATETIME NOT NULL, `updatedAt` DATETIME NOT NULL);
Executing (default): INSERT INTO `products` SELECT `id`, `name`, `description`, `price`, `stock`, `category`, `image`, `rating`, `reviewCount`, `isActive`, `createdBy`, `createdAt`, `updatedAt` FROM `products_backup`;
Executing (default): DROP TABLE `products_backup`;
Executing (default): PRAGMA TABLE_INFO(`products`);
Executing (default): PRAGMA INDEX_LIST(`products`)
Executing (default): PRAGMA foreign_key_list(`products`)
Executing (default): CREATE TABLE IF NOT EXISTS `products_backup` (`id` INTEGER PRIMARY KEY, `name` VARCHAR(255) NOT NULL, `description` TEXT NOT NULL, `price` DECIMAL(10,2) NOT NULL, `stock` INTEGER NOT NULL DEFAULT '0', `category` VARCHAR(255) NOT NULL, `image` VARCHAR(255) DEFAULT NULL, `rating` FLOAT DEFAULT '0', `reviewCount` INTEGER DEFAULT '0', `isActive` TINYINT(1) DEFAULT 1, `createdBy` INTEGER NOT NULL, `createdAt` DATETIME NOT NULL, `updatedAt` DATETIME NOT NULL);
Executing (default): INSERT INTO `products_backup` SELECT `id`, `name`, `description`, `price`, `stock`, `category`, `image`, `rating`, `reviewCount`, `isActive`, `createdBy`, `createdAt`, `updatedAt` FROM `products`;
Executing (default): DROP TABLE `products`;
Executing (default): CREATE TABLE IF NOT EXISTS `products` (`id` INTEGER PRIMARY KEY, `name` VARCHAR(255) NOT NULL, `description` TEXT NOT NULL, `price` DECIMAL(10,2) NOT NULL, `stock` INTEGER NOT NULL DEFAULT '0', `category` VARCHAR(255) NOT NULL, `image` VARCHAR(255) DEFAULT NULL, `rating` FLOAT DEFAULT '0', `reviewCount` INTEGER DEFAULT '0', `isActive` TINYINT(1) DEFAULT 1, `createdBy` INTEGER NOT NULL, `createdAt` DATETIME NOT NULL, `updatedAt` DATETIME NOT NULL);
Executing (default): INSERT INTO `products` SELECT `id`, `name`, `description`, `price`, `stock`, `category`, `image`, `rating`, `reviewCount`, `isActive`, `createdBy`, `createdAt`, `updatedAt` FROM `products_backup`;
Executing (default): DROP TABLE `products_backup`;
Executing (default): PRAGMA TABLE_INFO(`products`);
Executing (default): PRAGMA INDEX_LIST(`products`)
Executing (default): PRAGMA foreign_key_list(`products`)
Executing (default): CREATE TABLE IF NOT EXISTS `products_backup` (`id` INTEGER PRIMARY KEY, `name` VARCHAR(255) NOT NULL, `description` TEXT NOT NULL, `price` DECIMAL(10,2) NOT NULL, `stock` INTEGER NOT NULL DEFAULT '0', `category` VARCHAR(255) NOT NULL, `image` VARCHAR(255) DEFAULT NULL, `rating` FLOAT DEFAULT '0', `reviewCount` INTEGER DEFAULT '0', `isActive` TINYINT(1) DEFAULT 1, `createdBy` INTEGER NOT NULL, `createdAt` DATETIME NOT NULL, `updatedAt` DATETIME NOT NULL);
Executing (default): INSERT INTO `products_backup` SELECT `id`, `name`, `description`, `price`, `stock`, `category`, `image`, `rating`, `reviewCount`, `isActive`, `createdBy`, `createdAt`, `updatedAt` FROM `products`;
Executing (default): DROP TABLE `products`;
Executing (default): CREATE TABLE IF NOT EXISTS `products` (`id` INTEGER PRIMARY KEY, `name` VARCHAR(255) NOT NULL, `description` TEXT NOT NULL, `price` DECIMAL(10,2) NOT NULL, `stock` INTEGER NOT NULL DEFAULT '0', `category` VARCHAR(255) NOT NULL, `image` VARCHAR(255) DEFAULT NULL, `rating` FLOAT DEFAULT '0', `reviewCount` INTEGER DEFAULT '0', `isActive` TINYINT(1) DEFAULT 1, `createdBy` INTEGER NOT NULL, `createdAt` DATETIME NOT NULL, `updatedAt` DATETIME NOT NULL);
Executing (default): INSERT INTO `products` SELECT `id`, `name`, `description`, `price`, `stock`, `category`, `image`, `rating`, `reviewCount`, `isActive`, `createdBy`, `createdAt`, `updatedAt` FROM `products_backup`;
Executing (default): DROP TABLE `products_backup`;
Executing (default): PRAGMA TABLE_INFO(`products`);
Executing (default): PRAGMA INDEX_LIST(`products`)
Executing (default): PRAGMA foreign_key_list(`products`)
Executing (default): CREATE TABLE IF NOT EXISTS `products_backup` (`id` INTEGER PRIMARY KEY, `name` VARCHAR(255) NOT NULL, `description` TEXT NOT NULL, `price` DECIMAL(10,2) NOT NULL, `stock` INTEGER NOT NULL DEFAULT '0', `category` VARCHAR(255) NOT NULL, `image` VARCHAR(255) DEFAULT NULL, `rating` FLOAT DEFAULT '0', `reviewCount` INTEGER DEFAULT '0', `isActive` TINYINT(1) DEFAULT 1, `createdBy` INTEGER NOT NULL, `createdAt` DATETIME NOT NULL, `updatedAt` DATETIME NOT NULL);
Executing (default): INSERT INTO `products_backup` SELECT `id`, `name`, `description`, `price`, `stock`, `category`, `image`, `rating`, `reviewCount`, `isActive`, `createdBy`, `createdAt`, `updatedAt` FROM `products`;
Executing (default): DROP TABLE `products`;
Executing (default): CREATE TABLE IF NOT EXISTS `products` (`id` INTEGER PRIMARY KEY, `name` VARCHAR(255) NOT NULL, `description` TEXT NOT NULL, `price` DECIMAL(10,2) NOT NULL, `stock` INTEGER NOT NULL DEFAULT '0', `category` VARCHAR(255) NOT NULL, `image` VARCHAR(255) DEFAULT NULL, `rating` FLOAT DEFAULT '0', `reviewCount` INTEGER DEFAULT '0', `isActive` TINYINT(1) DEFAULT 1, `createdBy` INTEGER NOT NULL, `createdAt` DATETIME NOT NULL, `updatedAt` DATETIME NOT NULL);
Executing (default): INSERT INTO `products` SELECT `id`, `name`, `description`, `price`, `stock`, `category`, `image`, `rating`, `reviewCount`, `isActive`, `createdBy`, `createdAt`, `updatedAt` FROM `products_backup`;
Executing (default): DROP TABLE `products_backup`;
Executing (default): PRAGMA TABLE_INFO(`products`);
Executing (default): PRAGMA INDEX_LIST(`products`)
Executing (default): PRAGMA foreign_key_list(`products`)
Executing (default): CREATE TABLE IF NOT EXISTS `products_backup` (`id` INTEGER PRIMARY KEY, `name` VARCHAR(255) NOT NULL, `description` TEXT NOT NULL, `price` DECIMAL(10,2) NOT NULL, `stock` INTEGER NOT NULL DEFAULT '0', `category` VARCHAR(255) NOT NULL, `image` VARCHAR(255) DEFAULT NULL, `rating` FLOAT DEFAULT '0', `reviewCount` INTEGER DEFAULT '0', `isActive` TINYINT(1) DEFAULT 1, `createdBy` INTEGER NOT NULL, `createdAt` DATETIME NOT NULL, `updatedAt` DATETIME NOT NULL);
Executing (default): INSERT INTO `products_backup` SELECT `id`, `name`, `description`, `price`, `stock`, `category`, `image`, `rating`, `reviewCount`, `isActive`, `createdBy`, `createdAt`, `updatedAt` FROM `products`;
Executing (default): DROP TABLE `products`;
Executing (default): CREATE TABLE IF NOT EXISTS `products` (`id` INTEGER PRIMARY KEY, `name` VARCHAR(255) NOT NULL, `description` TEXT NOT NULL, `price` DECIMAL(10,2) NOT NULL, `stock` INTEGER NOT NULL DEFAULT '0', `category` VARCHAR(255) NOT NULL, `image` VARCHAR(255) DEFAULT NULL, `rating` FLOAT DEFAULT '0', `reviewCount` INTEGER DEFAULT '0', `isActive` TINYINT(1) DEFAULT 1, `createdBy` INTEGER NOT NULL, `createdAt` DATETIME NOT NULL, `updatedAt` DATETIME NOT NULL);
Executing (default): INSERT INTO `products` SELECT `id`, `name`, `description`, `price`, `stock`, `category`, `image`, `rating`, `reviewCount`, `isActive`, `createdBy`, `createdAt`, `updatedAt` FROM `products_backup`;
Executing (default): DROP TABLE `products_backup`;
Executing (default): PRAGMA INDEX_LIST(`products`)
Executing (default): SELECT name FROM sqlite_master WHERE type='table' AND name='carts';
Executing (default): PRAGMA TABLE_INFO(`carts`);
Executing (default): PRAGMA foreign_key_list(`carts`)
Executing (default): PRAGMA INDEX_LIST(`carts`)
Executing (default): PRAGMA foreign_key_list(`carts`)
Executing (default): PRAGMA TABLE_INFO(`carts`);
Executing (default): PRAGMA INDEX_LIST(`carts`)
Executing (default): PRAGMA foreign_key_list(`carts`)
Executing (default): CREATE TABLE IF NOT EXISTS `carts_backup` (`id` INTEGER PRIMARY KEY, `userId` INTEGER NOT NULL REFERENCES `users` (`id`) ON DELETE CASCADE ON UPDATE CASCADE, `totalPrice` DECIMAL(10,2) DEFAULT '0', `totalItems` INTEGER DEFAULT '0', `createdAt` DATETIME NOT NULL, `updatedAt` DATETIME NOT NULL);
Executing (default): INSERT INTO `carts_backup` SELECT `id`, `userId`, `totalPrice`, `totalItems`, `createdAt`, `updatedAt` FROM `carts`;
Executing (default): DROP TABLE `carts`;
Executing (default): CREATE TABLE IF NOT EXISTS `carts` (`id` INTEGER PRIMARY KEY, `userId` INTEGER NOT NULL REFERENCES `users` (`id`) ON DELETE CASCADE ON UPDATE CASCADE, `totalPrice` DECIMAL(10,2) DEFAULT '0', `totalItems` INTEGER DEFAULT '0', `createdAt` DATETIME NOT NULL, `updatedAt` DATETIME NOT NULL);
Executing (default): INSERT INTO `carts` SELECT `id`, `userId`, `totalPrice`, `totalItems`, `createdAt`, `updatedAt` FROM `carts_backup`;
Executing (default): DROP TABLE `carts_backup`;
Executing (default): PRAGMA TABLE_INFO(`carts`);
Executing (default): PRAGMA INDEX_LIST(`carts`)
Executing (default): PRAGMA foreign_key_list(`carts`)
Executing (default): CREATE TABLE IF NOT EXISTS `carts_backup` (`id` INTEGER PRIMARY KEY, `userId` INTEGER NOT NULL REFERENCES `users` (`id`), `totalPrice` DECIMAL(10,2) DEFAULT 0, `totalItems` INTEGER DEFAULT '0', `createdAt` DATETIME NOT NULL, `updatedAt` DATETIME NOT NULL);
Executing (default): INSERT INTO `carts_backup` SELECT `id`, `userId`, `totalPrice`, `totalItems`, `createdAt`, `updatedAt` FROM `carts`;
Executing (default): DROP TABLE `carts`;
Executing (default): CREATE TABLE IF NOT EXISTS `carts` (`id` INTEGER PRIMARY KEY, `userId` INTEGER NOT NULL REFERENCES `users` (`id`), `totalPrice` DECIMAL(10,2) DEFAULT 0, `totalItems` INTEGER DEFAULT '0', `createdAt` DATETIME NOT NULL, `updatedAt` DATETIME NOT NULL);
Executing (default): INSERT INTO `carts` SELECT `id`, `userId`, `totalPrice`, `totalItems`, `createdAt`, `updatedAt` FROM `carts_backup`;
Executing (default): DROP TABLE `carts_backup`;
Executing (default): PRAGMA TABLE_INFO(`carts`);
Executing (default): PRAGMA INDEX_LIST(`carts`)
Executing (default): PRAGMA foreign_key_list(`carts`)
Executing (default): CREATE TABLE IF NOT EXISTS `carts_backup` (`id` INTEGER PRIMARY KEY, `userId` INTEGER NOT NULL REFERENCES `users` (`id`), `totalPrice` DECIMAL(10,2) DEFAULT '0', `totalItems` INTEGER DEFAULT 0, `createdAt` DATETIME NOT NULL, `updatedAt` DATETIME NOT NULL);
Executing (default): INSERT INTO `carts_backup` SELECT `id`, `userId`, `totalPrice`, `totalItems`, `createdAt`, `updatedAt` FROM `carts`;
Executing (default): DROP TABLE `carts`;
Executing (default): CREATE TABLE IF NOT EXISTS `carts` (`id` INTEGER PRIMARY KEY, `userId` INTEGER NOT NULL REFERENCES `users` (`id`), `totalPrice` DECIMAL(10,2) DEFAULT '0', `totalItems` INTEGER DEFAULT 0, `createdAt` DATETIME NOT NULL, `updatedAt` DATETIME NOT NULL);
Executing (default): INSERT INTO `carts` SELECT `id`, `userId`, `totalPrice`, `totalItems`, `createdAt`, `updatedAt` FROM `carts_backup`;
Executing (default): DROP TABLE `carts_backup`;
Executing (default): PRAGMA TABLE_INFO(`carts`);
Executing (default): PRAGMA INDEX_LIST(`carts`)
Executing (default): PRAGMA foreign_key_list(`carts`)
Executing (default): CREATE TABLE IF NOT EXISTS `carts_backup` (`id` INTEGER PRIMARY KEY, `userId` INTEGER NOT NULL REFERENCES `users` (`id`), `totalPrice` DECIMAL(10,2) DEFAULT '0', `totalItems` INTEGER DEFAULT '0', `createdAt` DATETIME NOT NULL, `updatedAt` DATETIME NOT NULL);
Executing (default): INSERT INTO `carts_backup` SELECT `id`, `userId`, `totalPrice`, `totalItems`, `createdAt`, `updatedAt` FROM `carts`;
Executing (default): DROP TABLE `carts`;
Executing (default): CREATE TABLE IF NOT EXISTS `carts` (`id` INTEGER PRIMARY KEY, `userId` INTEGER NOT NULL REFERENCES `users` (`id`), `totalPrice` DECIMAL(10,2) DEFAULT '0', `totalItems` INTEGER DEFAULT '0', `createdAt` DATETIME NOT NULL, `updatedAt` DATETIME NOT NULL);
Executing (default): INSERT INTO `carts` SELECT `id`, `userId`, `totalPrice`, `totalItems`, `createdAt`, `updatedAt` FROM `carts_backup`;
Executing (default): DROP TABLE `carts_backup`;
Executing (default): PRAGMA TABLE_INFO(`carts`);
Executing (default): PRAGMA INDEX_LIST(`carts`)
Executing (default): PRAGMA foreign_key_list(`carts`)
Executing (default): CREATE TABLE IF NOT EXISTS `carts_backup` (`id` INTEGER PRIMARY KEY, `userId` INTEGER NOT NULL REFERENCES `users` (`id`), `totalPrice` DECIMAL(10,2) DEFAULT '0', `totalItems` INTEGER DEFAULT '0', `createdAt` DATETIME NOT NULL, `updatedAt` DATETIME NOT NULL);
Executing (default): INSERT INTO `carts_backup` SELECT `id`, `userId`, `totalPrice`, `totalItems`, `createdAt`, `updatedAt` FROM `carts`;
Executing (default): DROP TABLE `carts`;
Executing (default): CREATE TABLE IF NOT EXISTS `carts` (`id` INTEGER PRIMARY KEY, `userId` INTEGER NOT NULL REFERENCES `users` (`id`), `totalPrice` DECIMAL(10,2) DEFAULT '0', `totalItems` INTEGER DEFAULT '0', `createdAt` DATETIME NOT NULL, `updatedAt` DATETIME NOT NULL);
Executing (default): INSERT INTO `carts` SELECT `id`, `userId`, `totalPrice`, `totalItems`, `createdAt`, `updatedAt` FROM `carts_backup`;
Executing (default): DROP TABLE `carts_backup`;
Executing (default): PRAGMA INDEX_LIST(`carts`)
Executing (default): SELECT name FROM sqlite_master WHERE type='table' AND name='cart_items';
Executing (default): PRAGMA TABLE_INFO(`cart_items`);
Executing (default): PRAGMA foreign_key_list(`cart_items`)
Executing (default): PRAGMA INDEX_LIST(`cart_items`)
Executing (default): PRAGMA foreign_key_list(`cart_items`)
Executing (default): PRAGMA TABLE_INFO(`cart_items`);
Executing (default): PRAGMA INDEX_LIST(`cart_items`)
Executing (default): PRAGMA foreign_key_list(`cart_items`)
Executing (default): CREATE TABLE IF NOT EXISTS `cart_items_backup` (`id` INTEGER PRIMARY KEY, `cartId` INTEGER NOT NULL REFERENCES `carts` (`id`) ON DELETE CASCADE ON UPDATE CASCADE, `productId` INTEGER NOT NULL REFERENCES `products` (`id`), `quantity` INTEGER NOT NULL DEFAULT '1', `price` DECIMAL(10,2) NOT NULL, `subtotal` DECIMAL(10,2) NOT NULL, `createdAt` DATETIME NOT NULL, `updatedAt` DATETIME NOT NULL);
Executing (default): INSERT INTO `cart_items_backup` SELECT `id`, `cartId`, `productId`, `quantity`, `price`, `subtotal`, `createdAt`, `updatedAt` FROM `cart_items`;
Executing (default): DROP TABLE `cart_items`;
Executing (default): CREATE TABLE IF NOT EXISTS `cart_items` (`id` INTEGER PRIMARY KEY, `cartId` INTEGER NOT NULL REFERENCES `carts` (`id`) ON DELETE CASCADE ON UPDATE CASCADE, `productId` INTEGER NOT NULL REFERENCES `products` (`id`), `quantity` INTEGER NOT NULL DEFAULT '1', `price` DECIMAL(10,2) NOT NULL, `subtotal` DECIMAL(10,2) NOT NULL, `createdAt` DATETIME NOT NULL, `updatedAt` DATETIME NOT NULL);
Executing (default): INSERT INTO `cart_items` SELECT `id`, `cartId`, `productId`, `quantity`, `price`, `subtotal`, `createdAt`, `updatedAt` FROM `cart_items_backup`;
Executing (default): DROP TABLE `cart_items_backup`;
Executing (default): PRAGMA TABLE_INFO(`cart_items`);
Executing (default): PRAGMA INDEX_LIST(`cart_items`)
Executing (default): PRAGMA foreign_key_list(`cart_items`)
Executing (default): CREATE TABLE IF NOT EXISTS `cart_items_backup` (`id` INTEGER PRIMARY KEY, `cartId` INTEGER NOT NULL REFERENCES `carts` (`id`), `productId` INTEGER NOT NULL REFERENCES `products` (`id`) ON DELETE CASCADE ON UPDATE CASCADE, `quantity` INTEGER NOT NULL DEFAULT '1', `price` DECIMAL(10,2) NOT NULL, `subtotal` DECIMAL(10,2) NOT NULL, `createdAt` DATETIME NOT NULL, `updatedAt` DATETIME NOT NULL);
Executing (default): INSERT INTO `cart_items_backup` SELECT `id`, `cartId`, `productId`, `quantity`, `price`, `subtotal`, `createdAt`, `updatedAt` FROM `cart_items`;
Executing (default): DROP TABLE `cart_items`;
Executing (default): CREATE TABLE IF NOT EXISTS `cart_items` (`id` INTEGER PRIMARY KEY, `cartId` INTEGER NOT NULL REFERENCES `carts` (`id`), `productId` INTEGER NOT NULL REFERENCES `products` (`id`) ON DELETE CASCADE ON UPDATE CASCADE, `quantity` INTEGER NOT NULL DEFAULT '1', `price` DECIMAL(10,2) NOT NULL, `subtotal` DECIMAL(10,2) NOT NULL, `createdAt` DATETIME NOT NULL, `updatedAt` DATETIME NOT NULL);
Executing (default): INSERT INTO `cart_items` SELECT `id`, `cartId`, `productId`, `quantity`, `price`, `subtotal`, `createdAt`, `updatedAt` FROM `cart_items_backup`;
Executing (default): DROP TABLE `cart_items_backup`;
Executing (default): PRAGMA TABLE_INFO(`cart_items`);
Executing (default): PRAGMA INDEX_LIST(`cart_items`)
Executing (default): PRAGMA foreign_key_list(`cart_items`)
Executing (default): CREATE TABLE IF NOT EXISTS `cart_items_backup` (`id` INTEGER PRIMARY KEY, `cartId` INTEGER NOT NULL REFERENCES `carts` (`id`), `productId` INTEGER NOT NULL REFERENCES `products` (`id`), `quantity` INTEGER NOT NULL DEFAULT 1, `price` DECIMAL(10,2) NOT NULL, `subtotal` DECIMAL(10,2) NOT NULL, `createdAt` DATETIME NOT NULL, `updatedAt` DATETIME NOT NULL);
Executing (default): INSERT INTO `cart_items_backup` SELECT `id`, `cartId`, `productId`, `quantity`, `price`, `subtotal`, `createdAt`, `updatedAt` FROM `cart_items`;
Executing (default): DROP TABLE `cart_items`;
Executing (default): CREATE TABLE IF NOT EXISTS `cart_items` (`id` INTEGER PRIMARY KEY, `cartId` INTEGER NOT NULL REFERENCES `carts` (`id`), `productId` INTEGER NOT NULL REFERENCES `products` (`id`), `quantity` INTEGER NOT NULL DEFAULT 1, `price` DECIMAL(10,2) NOT NULL, `subtotal` DECIMAL(10,2) NOT NULL, `createdAt` DATETIME NOT NULL, `updatedAt` DATETIME NOT NULL);
Executing (default): INSERT INTO `cart_items` SELECT `id`, `cartId`, `productId`, `quantity`, `price`, `subtotal`, `createdAt`, `updatedAt` FROM `cart_items_backup`;
Executing (default): DROP TABLE `cart_items_backup`;
Executing (default): PRAGMA TABLE_INFO(`cart_items`);
Executing (default): PRAGMA INDEX_LIST(`cart_items`)
Executing (default): PRAGMA foreign_key_list(`cart_items`)
Executing (default): CREATE TABLE IF NOT EXISTS `cart_items_backup` (`id` INTEGER PRIMARY KEY, `cartId` INTEGER NOT NULL REFERENCES `carts` (`id`), `productId` INTEGER NOT NULL REFERENCES `products` (`id`), `quantity` INTEGER NOT NULL DEFAULT '1', `price` DECIMAL(10,2) NOT NULL, `subtotal` DECIMAL(10,2) NOT NULL, `createdAt` DATETIME NOT NULL, `updatedAt` DATETIME NOT NULL);
Executing (default): INSERT INTO `cart_items_backup` SELECT `id`, `cartId`, `productId`, `quantity`, `price`, `subtotal`, `createdAt`, `updatedAt` FROM `cart_items`;
Executing (default): DROP TABLE `cart_items`;
Executing (default): CREATE TABLE IF NOT EXISTS `cart_items` (`id` INTEGER PRIMARY KEY, `cartId` INTEGER NOT NULL REFERENCES `carts` (`id`), `productId` INTEGER NOT NULL REFERENCES `products` (`id`), `quantity` INTEGER NOT NULL DEFAULT '1', `price` DECIMAL(10,2) NOT NULL, `subtotal` DECIMAL(10,2) NOT NULL, `createdAt` DATETIME NOT NULL, `updatedAt` DATETIME NOT NULL);
Executing (default): INSERT INTO `cart_items` SELECT `id`, `cartId`, `productId`, `quantity`, `price`, `subtotal`, `createdAt`, `updatedAt` FROM `cart_items_backup`;
Executing (default): DROP TABLE `cart_items_backup`;
Executing (default): PRAGMA TABLE_INFO(`cart_items`);
Executing (default): PRAGMA INDEX_LIST(`cart_items`)
Executing (default): PRAGMA foreign_key_list(`cart_items`)
Executing (default): CREATE TABLE IF NOT EXISTS `cart_items_backup` (`id` INTEGER PRIMARY KEY, `cartId` INTEGER NOT NULL REFERENCES `carts` (`id`), `productId` INTEGER NOT NULL REFERENCES `products` (`id`), `quantity` INTEGER NOT NULL DEFAULT '1', `price` DECIMAL(10,2) NOT NULL, `subtotal` DECIMAL(10,2) NOT NULL, `createdAt` DATETIME NOT NULL, `updatedAt` DATETIME NOT NULL);
Executing (default): INSERT INTO `cart_items_backup` SELECT `id`, `cartId`, `productId`, `quantity`, `price`, `subtotal`, `createdAt`, `updatedAt` FROM `cart_items`;
Executing (default): DROP TABLE `cart_items`;
Executing (default): CREATE TABLE IF NOT EXISTS `cart_items` (`id` INTEGER PRIMARY KEY, `cartId` INTEGER NOT NULL REFERENCES `carts` (`id`), `productId` INTEGER NOT NULL REFERENCES `products` (`id`), `quantity` INTEGER NOT NULL DEFAULT '1', `price` DECIMAL(10,2) NOT NULL, `subtotal` DECIMAL(10,2) NOT NULL, `createdAt` DATETIME NOT NULL, `updatedAt` DATETIME NOT NULL);
Executing (default): INSERT INTO `cart_items` SELECT `id`, `cartId`, `productId`, `quantity`, `price`, `subtotal`, `createdAt`, `updatedAt` FROM `cart_items_backup`;
Executing (default): DROP TABLE `cart_items_backup`;
Executing (default): PRAGMA TABLE_INFO(`cart_items`);
Executing (default): PRAGMA INDEX_LIST(`cart_items`)
Executing (default): PRAGMA foreign_key_list(`cart_items`)
Executing (default): CREATE TABLE IF NOT EXISTS `cart_items_backup` (`id` INTEGER PRIMARY KEY, `cartId` INTEGER NOT NULL REFERENCES `carts` (`id`), `productId` INTEGER NOT NULL REFERENCES `products` (`id`), `quantity` INTEGER NOT NULL DEFAULT '1', `price` DECIMAL(10,2) NOT NULL, `subtotal` DECIMAL(10,2) NOT NULL, `createdAt` DATETIME NOT NULL, `updatedAt` DATETIME NOT NULL);
Executing (default): INSERT INTO `cart_items_backup` SELECT `id`, `cartId`, `productId`, `quantity`, `price`, `subtotal`, `createdAt`, `updatedAt` FROM `cart_items`;
Executing (default): DROP TABLE `cart_items`;
Executing (default): CREATE TABLE IF NOT EXISTS `cart_items` (`id` INTEGER PRIMARY KEY, `cartId` INTEGER NOT NULL REFERENCES `carts` (`id`), `productId` INTEGER NOT NULL REFERENCES `products` (`id`), `quantity` INTEGER NOT NULL DEFAULT '1', `price` DECIMAL(10,2) NOT NULL, `subtotal` DECIMAL(10,2) NOT NULL, `createdAt` DATETIME NOT NULL, `updatedAt` DATETIME NOT NULL);
Executing (default): INSERT INTO `cart_items` SELECT `id`, `cartId`, `productId`, `quantity`, `price`, `subtotal`, `createdAt`, `updatedAt` FROM `cart_items_backup`;
Executing (default): DROP TABLE `cart_items_backup`;
Executing (default): PRAGMA TABLE_INFO(`cart_items`);
Executing (default): PRAGMA INDEX_LIST(`cart_items`)
Executing (default): PRAGMA foreign_key_list(`cart_items`)
Executing (default): CREATE TABLE IF NOT EXISTS `cart_items_backup` (`id` INTEGER PRIMARY KEY, `cartId` INTEGER NOT NULL REFERENCES `carts` (`id`), `productId` INTEGER NOT NULL REFERENCES `products` (`id`), `quantity` INTEGER NOT NULL DEFAULT '1', `price` DECIMAL(10,2) NOT NULL, `subtotal` DECIMAL(10,2) NOT NULL, `createdAt` DATETIME NOT NULL, `updatedAt` DATETIME NOT NULL);
Executing (default): INSERT INTO `cart_items_backup` SELECT `id`, `cartId`, `productId`, `quantity`, `price`, `subtotal`, `createdAt`, `updatedAt` FROM `cart_items`;
Executing (default): DROP TABLE `cart_items`;
Executing (default): CREATE TABLE IF NOT EXISTS `cart_items` (`id` INTEGER PRIMARY KEY, `cartId` INTEGER NOT NULL REFERENCES `carts` (`id`), `productId` INTEGER NOT NULL REFERENCES `products` (`id`), `quantity` INTEGER NOT NULL DEFAULT '1', `price` DECIMAL(10,2) NOT NULL, `subtotal` DECIMAL(10,2) NOT NULL, `createdAt` DATETIME NOT NULL, `updatedAt` DATETIME NOT NULL);
Executing (default): INSERT INTO `cart_items` SELECT `id`, `cartId`, `productId`, `quantity`, `price`, `subtotal`, `createdAt`, `updatedAt` FROM `cart_items_backup`;
Executing (default): DROP TABLE `cart_items_backup`;
Executing (default): PRAGMA INDEX_LIST(`cart_items`)
Executing (default): SELECT name FROM sqlite_master WHERE type='table' AND name='wishlists';
Executing (default): PRAGMA TABLE_INFO(`wishlists`);
Executing (default): PRAGMA foreign_key_list(`wishlists`)
Executing (default): PRAGMA INDEX_LIST(`wishlists`)
Executing (default): PRAGMA INDEX_INFO(`sqlite_autoindex_wishlists_1`)
Executing (default): PRAGMA INDEX_INFO(`sqlite_autoindex_wishlists_2`)
Executing (default): PRAGMA INDEX_INFO(`wishlists_user_id_product_id`)
Executing (default): PRAGMA foreign_key_list(`wishlists`)
Executing (default): PRAGMA TABLE_INFO(`wishlists`);
Executing (default): PRAGMA INDEX_LIST(`wishlists`)
Executing (default): PRAGMA INDEX_INFO(`sqlite_autoindex_wishlists_1`)
Executing (default): PRAGMA INDEX_INFO(`sqlite_autoindex_wishlists_2`)
Executing (default): PRAGMA INDEX_INFO(`wishlists_user_id_product_id`)
Executing (default): PRAGMA foreign_key_list(`wishlists`)
Executing (default): CREATE TABLE IF NOT EXISTS `wishlists_backup` (`id` INTEGER PRIMARY KEY, `userId` INTEGER NOT NULL UNIQUE REFERENCES `users` (`id`) ON DELETE CASCADE ON UPDATE CASCADE, `productId` INTEGER NOT NULL UNIQUE REFERENCES `products` (`id`), `createdAt` DATETIME NOT NULL, `updatedAt` DATETIME NOT NULL);
Executing (default): INSERT INTO `wishlists_backup` SELECT `id`, `userId`, `productId`, `createdAt`, `updatedAt` FROM `wishlists`;
Executing (default): DROP TABLE `wishlists`;
Executing (default): CREATE TABLE IF NOT EXISTS `wishlists` (`id` INTEGER PRIMARY KEY, `userId` INTEGER NOT NULL UNIQUE REFERENCES `users` (`id`) ON DELETE CASCADE ON UPDATE CASCADE, `productId` INTEGER NOT NULL UNIQUE REFERENCES `products` (`id`), `createdAt` DATETIME NOT NULL, `updatedAt` DATETIME NOT NULL);
Executing (default): INSERT INTO `wishlists` SELECT `id`, `userId`, `productId`, `createdAt`, `updatedAt` FROM `wishlists_backup`;
Executing (default): DROP TABLE `wishlists_backup`;
Executing (default): PRAGMA TABLE_INFO(`wishlists`);
Executing (default): PRAGMA INDEX_LIST(`wishlists`)
Executing (default): PRAGMA INDEX_INFO(`sqlite_autoindex_wishlists_1`)
Executing (default): PRAGMA INDEX_INFO(`sqlite_autoindex_wishlists_2`)
Executing (default): PRAGMA foreign_key_list(`wishlists`)
Executing (default): CREATE TABLE IF NOT EXISTS `wishlists_backup` (`id` INTEGER PRIMARY KEY, `userId` INTEGER NOT NULL UNIQUE REFERENCES `users` (`id`), `productId` INTEGER NOT NULL UNIQUE REFERENCES `products` (`id`) ON DELETE CASCADE ON UPDATE CASCADE, `createdAt` DATETIME NOT NULL, `updatedAt` DATETIME NOT NULL);
Executing (default): INSERT INTO `wishlists_backup` SELECT `id`, `userId`, `productId`, `createdAt`, `updatedAt` FROM `wishlists`;
Executing (default): DROP TABLE `wishlists`;
Executing (default): CREATE TABLE IF NOT EXISTS `wishlists` (`id` INTEGER PRIMARY KEY, `userId` INTEGER NOT NULL UNIQUE REFERENCES `users` (`id`), `productId` INTEGER NOT NULL UNIQUE REFERENCES `products` (`id`) ON DELETE CASCADE ON UPDATE CASCADE, `createdAt` DATETIME NOT NULL, `updatedAt` DATETIME NOT NULL);
Executing (default): INSERT INTO `wishlists` SELECT `id`, `userId`, `productId`, `createdAt`, `updatedAt` FROM `wishlists_backup`;
Executing (default): DROP TABLE `wishlists_backup`;
Executing (default): PRAGMA TABLE_INFO(`wishlists`);
Executing (default): PRAGMA INDEX_LIST(`wishlists`)
Executing (default): PRAGMA INDEX_INFO(`sqlite_autoindex_wishlists_1`)
Executing (default): PRAGMA INDEX_INFO(`sqlite_autoindex_wishlists_2`)
Executing (default): PRAGMA foreign_key_list(`wishlists`)
Executing (default): CREATE TABLE IF NOT EXISTS `wishlists_backup` (`id` INTEGER PRIMARY KEY, `userId` INTEGER NOT NULL UNIQUE REFERENCES `users` (`id`), `productId` INTEGER NOT NULL UNIQUE REFERENCES `products` (`id`), `createdAt` DATETIME NOT NULL, `updatedAt` DATETIME NOT NULL);
Executing (default): INSERT INTO `wishlists_backup` SELECT `id`, `userId`, `productId`, `createdAt`, `updatedAt` FROM `wishlists`;
Executing (default): DROP TABLE `wishlists`;
Executing (default): CREATE TABLE IF NOT EXISTS `wishlists` (`id` INTEGER PRIMARY KEY, `userId` INTEGER NOT NULL UNIQUE REFERENCES `users` (`id`), `productId` INTEGER NOT NULL UNIQUE REFERENCES `products` (`id`), `createdAt` DATETIME NOT NULL, `updatedAt` DATETIME NOT NULL);
Executing (default): INSERT INTO `wishlists` SELECT `id`, `userId`, `productId`, `createdAt`, `updatedAt` FROM `wishlists_backup`;
Executing (default): DROP TABLE `wishlists_backup`;
Executing (default): PRAGMA TABLE_INFO(`wishlists`);
Executing (default): PRAGMA INDEX_LIST(`wishlists`)
Executing (default): PRAGMA INDEX_INFO(`sqlite_autoindex_wishlists_1`)
Executing (default): PRAGMA INDEX_INFO(`sqlite_autoindex_wishlists_2`)
Executing (default): PRAGMA foreign_key_list(`wishlists`)
Executing (default): CREATE TABLE IF NOT EXISTS `wishlists_backup` (`id` INTEGER PRIMARY KEY, `userId` INTEGER NOT NULL UNIQUE REFERENCES `users` (`id`), `productId` INTEGER NOT NULL UNIQUE REFERENCES `products` (`id`), `createdAt` DATETIME NOT NULL, `updatedAt` DATETIME NOT NULL);
Executing (default): INSERT INTO `wishlists_backup` SELECT `id`, `userId`, `productId`, `createdAt`, `updatedAt` FROM `wishlists`;
Executing (default): DROP TABLE `wishlists`;
Executing (default): CREATE TABLE IF NOT EXISTS `wishlists` (`id` INTEGER PRIMARY KEY, `userId` INTEGER NOT NULL UNIQUE REFERENCES `users` (`id`), `productId` INTEGER NOT NULL UNIQUE REFERENCES `products` (`id`), `createdAt` DATETIME NOT NULL, `updatedAt` DATETIME NOT NULL);
Executing (default): INSERT INTO `wishlists` SELECT `id`, `userId`, `productId`, `createdAt`, `updatedAt` FROM `wishlists_backup`;
Executing (default): DROP TABLE `wishlists_backup`;
Executing (default): PRAGMA INDEX_LIST(`wishlists`)
Executing (default): PRAGMA INDEX_INFO(`sqlite_autoindex_wishlists_1`)
Executing (default): PRAGMA INDEX_INFO(`sqlite_autoindex_wishlists_2`)
Executing (default): CREATE UNIQUE INDEX `wishlists_user_id_product_id` ON `wishlists` (`userId`, `productId`)
Executing (default): SELECT name FROM sqlite_master WHERE type='table' AND name='orders';
Executing (default): PRAGMA TABLE_INFO(`orders`);
Executing (default): PRAGMA foreign_key_list(`orders`)
Executing (default): PRAGMA INDEX_LIST(`orders`)
Executing (default): PRAGMA INDEX_INFO(`sqlite_autoindex_orders_1`)
Executing (default): PRAGMA foreign_key_list(`orders`)
Executing (default): PRAGMA TABLE_INFO(`orders`);
Executing (default): PRAGMA INDEX_LIST(`orders`)
Executing (default): PRAGMA INDEX_INFO(`sqlite_autoindex_orders_1`)
Executing (default): PRAGMA foreign_key_list(`orders`)
Executing (default): CREATE TABLE IF NOT EXISTS `orders_backup` (`id` INTEGER PRIMARY KEY, `orderNumber` VARCHAR(255) NOT NULL UNIQUE, `userId` INTEGER NOT NULL REFERENCES `users` (`id`), `totalAmount` DECIMAL(10,2) NOT NULL, `totalItems` INTEGER NOT NULL, `shippingAddress` TEXT NOT NULL, `status` TEXT DEFAULT 'pending', `paymentStatus` TEXT DEFAULT 'pending', `notes` TEXT, `createdAt` DATETIME NOT NULL, `updatedAt` DATETIME NOT NULL);
Executing (default): INSERT INTO `orders_backup` SELECT `id`, `orderNumber`, `userId`, `totalAmount`, `totalItems`, `shippingAddress`, `status`, `paymentStatus`, `notes`, `createdAt`, `updatedAt` FROM `orders`;
Executing (default): DROP TABLE `orders`;
Executing (default): CREATE TABLE IF NOT EXISTS `orders` (`id` INTEGER PRIMARY KEY, `orderNumber` VARCHAR(255) NOT NULL UNIQUE, `userId` INTEGER NOT NULL REFERENCES `users` (`id`), `totalAmount` DECIMAL(10,2) NOT NULL, `totalItems` INTEGER NOT NULL, `shippingAddress` TEXT NOT NULL, `status` TEXT DEFAULT 'pending', `paymentStatus` TEXT DEFAULT 'pending', `notes` TEXT, `createdAt` DATETIME NOT NULL, `updatedAt` DATETIME NOT NULL);
Executing (default): INSERT INTO `orders` SELECT `id`, `orderNumber`, `userId`, `totalAmount`, `totalItems`, `shippingAddress`, `status`, `paymentStatus`, `notes`, `createdAt`, `updatedAt` FROM `orders_backup`;
Executing (default): DROP TABLE `orders_backup`;
Executing (default): PRAGMA TABLE_INFO(`orders`);
Executing (default): PRAGMA INDEX_LIST(`orders`)
Executing (default): PRAGMA INDEX_INFO(`sqlite_autoindex_orders_1`)
Executing (default): PRAGMA foreign_key_list(`orders`)
Executing (default): CREATE TABLE IF NOT EXISTS `orders_backup` (`id` INTEGER PRIMARY KEY, `orderNumber` VARCHAR(255) NOT NULL UNIQUE, `userId` INTEGER NOT NULL REFERENCES `users` (`id`) ON DELETE CASCADE ON UPDATE CASCADE, `totalAmount` DECIMAL(10,2) NOT NULL, `totalItems` INTEGER NOT NULL, `shippingAddress` TEXT NOT NULL, `status` TEXT DEFAULT 'pending', `paymentStatus` TEXT DEFAULT 'pending', `notes` TEXT, `createdAt` DATETIME NOT NULL, `updatedAt` DATETIME NOT NULL);
Executing (default): INSERT INTO `orders_backup` SELECT `id`, `orderNumber`, `userId`, `totalAmount`, `totalItems`, `shippingAddress`, `status`, `paymentStatus`, `notes`, `createdAt`, `updatedAt` FROM `orders`;
Executing (default): DROP TABLE `orders`;
Executing (default): CREATE TABLE IF NOT EXISTS `orders` (`id` INTEGER PRIMARY KEY, `orderNumber` VARCHAR(255) NOT NULL UNIQUE, `userId` INTEGER NOT NULL REFERENCES `users` (`id`) ON DELETE CASCADE ON UPDATE CASCADE, `totalAmount` DECIMAL(10,2) NOT NULL, `totalItems` INTEGER NOT NULL, `shippingAddress` TEXT NOT NULL, `status` TEXT DEFAULT 'pending', `paymentStatus` TEXT DEFAULT 'pending', `notes` TEXT, `createdAt` DATETIME NOT NULL, `updatedAt` DATETIME NOT NULL);
Executing (default): INSERT INTO `orders` SELECT `id`, `orderNumber`, `userId`, `totalAmount`, `totalItems`, `shippingAddress`, `status`, `paymentStatus`, `notes`, `createdAt`, `updatedAt` FROM `orders_backup`;
Executing (default): DROP TABLE `orders_backup`;
Executing (default): PRAGMA TABLE_INFO(`orders`);
Executing (default): PRAGMA INDEX_LIST(`orders`)
Executing (default): PRAGMA INDEX_INFO(`sqlite_autoindex_orders_1`)
Executing (default): PRAGMA foreign_key_list(`orders`)
Executing (default): CREATE TABLE IF NOT EXISTS `orders_backup` (`id` INTEGER PRIMARY KEY, `orderNumber` VARCHAR(255) NOT NULL UNIQUE, `userId` INTEGER NOT NULL REFERENCES `users` (`id`), `totalAmount` DECIMAL(10,2) NOT NULL, `totalItems` INTEGER NOT NULL, `shippingAddress` TEXT NOT NULL, `status` TEXT DEFAULT 'pending', `paymentStatus` TEXT DEFAULT 'pending', `notes` TEXT, `createdAt` DATETIME NOT NULL, `updatedAt` DATETIME NOT NULL);
Executing (default): INSERT INTO `orders_backup` SELECT `id`, `orderNumber`, `userId`, `totalAmount`, `totalItems`, `shippingAddress`, `status`, `paymentStatus`, `notes`, `createdAt`, `updatedAt` FROM `orders`;
Executing (default): DROP TABLE `orders`;
Executing (default): CREATE TABLE IF NOT EXISTS `orders` (`id` INTEGER PRIMARY KEY, `orderNumber` VARCHAR(255) NOT NULL UNIQUE, `userId` INTEGER NOT NULL REFERENCES `users` (`id`), `totalAmount` DECIMAL(10,2) NOT NULL, `totalItems` INTEGER NOT NULL, `shippingAddress` TEXT NOT NULL, `status` TEXT DEFAULT 'pending', `paymentStatus` TEXT DEFAULT 'pending', `notes` TEXT, `createdAt` DATETIME NOT NULL, `updatedAt` DATETIME NOT NULL);
Executing (default): INSERT INTO `orders` SELECT `id`, `orderNumber`, `userId`, `totalAmount`, `totalItems`, `shippingAddress`, `status`, `paymentStatus`, `notes`, `createdAt`, `updatedAt` FROM `orders_backup`;
Executing (default): DROP TABLE `orders_backup`;
Executing (default): PRAGMA TABLE_INFO(`orders`);
Executing (default): PRAGMA INDEX_LIST(`orders`)
Executing (default): PRAGMA INDEX_INFO(`sqlite_autoindex_orders_1`)
Executing (default): PRAGMA foreign_key_list(`orders`)
Executing (default): CREATE TABLE IF NOT EXISTS `orders_backup` (`id` INTEGER PRIMARY KEY, `orderNumber` VARCHAR(255) NOT NULL UNIQUE, `userId` INTEGER NOT NULL REFERENCES `users` (`id`), `totalAmount` DECIMAL(10,2) NOT NULL, `totalItems` INTEGER NOT NULL, `shippingAddress` TEXT NOT NULL, `status` TEXT DEFAULT 'pending', `paymentStatus` TEXT DEFAULT 'pending', `notes` TEXT, `createdAt` DATETIME NOT NULL, `updatedAt` DATETIME NOT NULL);
Executing (default): INSERT INTO `orders_backup` SELECT `id`, `orderNumber`, `userId`, `totalAmount`, `totalItems`, `shippingAddress`, `status`, `paymentStatus`, `notes`, `createdAt`, `updatedAt` FROM `orders`;
Executing (default): DROP TABLE `orders`;
Executing (default): CREATE TABLE IF NOT EXISTS `orders` (`id` INTEGER PRIMARY KEY, `orderNumber` VARCHAR(255) NOT NULL UNIQUE, `userId` INTEGER NOT NULL REFERENCES `users` (`id`), `totalAmount` DECIMAL(10,2) NOT NULL, `totalItems` INTEGER NOT NULL, `shippingAddress` TEXT NOT NULL, `status` TEXT DEFAULT 'pending', `paymentStatus` TEXT DEFAULT 'pending', `notes` TEXT, `createdAt` DATETIME NOT NULL, `updatedAt` DATETIME NOT NULL);
Executing (default): INSERT INTO `orders` SELECT `id`, `orderNumber`, `userId`, `totalAmount`, `totalItems`, `shippingAddress`, `status`, `paymentStatus`, `notes`, `createdAt`, `updatedAt` FROM `orders_backup`;
Executing (default): DROP TABLE `orders_backup`;
Executing (default): PRAGMA TABLE_INFO(`orders`);
Executing (default): PRAGMA INDEX_LIST(`orders`)
Executing (default): PRAGMA INDEX_INFO(`sqlite_autoindex_orders_1`)
Executing (default): PRAGMA foreign_key_list(`orders`)
Executing (default): CREATE TABLE IF NOT EXISTS `orders_backup` (`id` INTEGER PRIMARY KEY, `orderNumber` VARCHAR(255) NOT NULL UNIQUE, `userId` INTEGER NOT NULL REFERENCES `users` (`id`), `totalAmount` DECIMAL(10,2) NOT NULL, `totalItems` INTEGER NOT NULL, `shippingAddress` TEXT NOT NULL, `status` TEXT DEFAULT 'pending', `paymentStatus` TEXT DEFAULT 'pending', `notes` TEXT, `createdAt` DATETIME NOT NULL, `updatedAt` DATETIME NOT NULL);
Executing (default): INSERT INTO `orders_backup` SELECT `id`, `orderNumber`, `userId`, `totalAmount`, `totalItems`, `shippingAddress`, `status`, `paymentStatus`, `notes`, `createdAt`, `updatedAt` FROM `orders`;
Executing (default): DROP TABLE `orders`;
Executing (default): CREATE TABLE IF NOT EXISTS `orders` (`id` INTEGER PRIMARY KEY, `orderNumber` VARCHAR(255) NOT NULL UNIQUE, `userId` INTEGER NOT NULL REFERENCES `users` (`id`), `totalAmount` DECIMAL(10,2) NOT NULL, `totalItems` INTEGER NOT NULL, `shippingAddress` TEXT NOT NULL, `status` TEXT DEFAULT 'pending', `paymentStatus` TEXT DEFAULT 'pending', `notes` TEXT, `createdAt` DATETIME NOT NULL, `updatedAt` DATETIME NOT NULL);
Executing (default): INSERT INTO `orders` SELECT `id`, `orderNumber`, `userId`, `totalAmount`, `totalItems`, `shippingAddress`, `status`, `paymentStatus`, `notes`, `createdAt`, `updatedAt` FROM `orders_backup`;
Executing (default): DROP TABLE `orders_backup`;
Executing (default): PRAGMA TABLE_INFO(`orders`);
Executing (default): PRAGMA INDEX_LIST(`orders`)
Executing (default): PRAGMA INDEX_INFO(`sqlite_autoindex_orders_1`)
Executing (default): PRAGMA foreign_key_list(`orders`)
Executing (default): CREATE TABLE IF NOT EXISTS `orders_backup` (`id` INTEGER PRIMARY KEY, `orderNumber` VARCHAR(255) NOT NULL UNIQUE, `userId` INTEGER NOT NULL REFERENCES `users` (`id`), `totalAmount` DECIMAL(10,2) NOT NULL, `totalItems` INTEGER NOT NULL, `shippingAddress` TEXT NOT NULL, `status` TEXT DEFAULT 'pending', `paymentStatus` TEXT DEFAULT 'pending', `notes` TEXT, `createdAt` DATETIME NOT NULL, `updatedAt` DATETIME NOT NULL);
Executing (default): INSERT INTO `orders_backup` SELECT `id`, `orderNumber`, `userId`, `totalAmount`, `totalItems`, `shippingAddress`, `status`, `paymentStatus`, `notes`, `createdAt`, `updatedAt` FROM `orders`;
Executing (default): DROP TABLE `orders`;
Executing (default): CREATE TABLE IF NOT EXISTS `orders` (`id` INTEGER PRIMARY KEY, `orderNumber` VARCHAR(255) NOT NULL UNIQUE, `userId` INTEGER NOT NULL REFERENCES `users` (`id`), `totalAmount` DECIMAL(10,2) NOT NULL, `totalItems` INTEGER NOT NULL, `shippingAddress` TEXT NOT NULL, `status` TEXT DEFAULT 'pending', `paymentStatus` TEXT DEFAULT 'pending', `notes` TEXT, `createdAt` DATETIME NOT NULL, `updatedAt` DATETIME NOT NULL);
Executing (default): INSERT INTO `orders` SELECT `id`, `orderNumber`, `userId`, `totalAmount`, `totalItems`, `shippingAddress`, `status`, `paymentStatus`, `notes`, `createdAt`, `updatedAt` FROM `orders_backup`;
Executing (default): DROP TABLE `orders_backup`;
Executing (default): PRAGMA TABLE_INFO(`orders`);
Executing (default): PRAGMA INDEX_LIST(`orders`)
Executing (default): PRAGMA INDEX_INFO(`sqlite_autoindex_orders_1`)
Executing (default): PRAGMA foreign_key_list(`orders`)
Executing (default): CREATE TABLE IF NOT EXISTS `orders_backup` (`id` INTEGER PRIMARY KEY, `orderNumber` VARCHAR(255) NOT NULL UNIQUE, `userId` INTEGER NOT NULL REFERENCES `users` (`id`), `totalAmount` DECIMAL(10,2) NOT NULL, `totalItems` INTEGER NOT NULL, `shippingAddress` TEXT NOT NULL, `status` TEXT DEFAULT 'pending', `paymentStatus` TEXT DEFAULT 'pending', `notes` TEXT, `createdAt` DATETIME NOT NULL, `updatedAt` DATETIME NOT NULL);
Executing (default): INSERT INTO `orders_backup` SELECT `id`, `orderNumber`, `userId`, `totalAmount`, `totalItems`, `shippingAddress`, `status`, `paymentStatus`, `notes`, `createdAt`, `updatedAt` FROM `orders`;
Executing (default): DROP TABLE `orders`;
Executing (default): CREATE TABLE IF NOT EXISTS `orders` (`id` INTEGER PRIMARY KEY, `orderNumber` VARCHAR(255) NOT NULL UNIQUE, `userId` INTEGER NOT NULL REFERENCES `users` (`id`), `totalAmount` DECIMAL(10,2) NOT NULL, `totalItems` INTEGER NOT NULL, `shippingAddress` TEXT NOT NULL, `status` TEXT DEFAULT 'pending', `paymentStatus` TEXT DEFAULT 'pending', `notes` TEXT, `createdAt` DATETIME NOT NULL, `updatedAt` DATETIME NOT NULL);
Executing (default): INSERT INTO `orders` SELECT `id`, `orderNumber`, `userId`, `totalAmount`, `totalItems`, `shippingAddress`, `status`, `paymentStatus`, `notes`, `createdAt`, `updatedAt` FROM `orders_backup`;
Executing (default): DROP TABLE `orders_backup`;
Executing (default): PRAGMA TABLE_INFO(`orders`);
Executing (default): PRAGMA INDEX_LIST(`orders`)
Executing (default): PRAGMA INDEX_INFO(`sqlite_autoindex_orders_1`)
Executing (default): PRAGMA foreign_key_list(`orders`)
Executing (default): CREATE TABLE IF NOT EXISTS `orders_backup` (`id` INTEGER PRIMARY KEY, `orderNumber` VARCHAR(255) NOT NULL UNIQUE, `userId` INTEGER NOT NULL REFERENCES `users` (`id`), `totalAmount` DECIMAL(10,2) NOT NULL, `totalItems` INTEGER NOT NULL, `shippingAddress` TEXT NOT NULL, `status` TEXT DEFAULT 'pending', `paymentStatus` TEXT DEFAULT 'pending', `notes` TEXT, `createdAt` DATETIME NOT NULL, `updatedAt` DATETIME NOT NULL);
Executing (default): INSERT INTO `orders_backup` SELECT `id`, `orderNumber`, `userId`, `totalAmount`, `totalItems`, `shippingAddress`, `status`, `paymentStatus`, `notes`, `createdAt`, `updatedAt` FROM `orders`;
Executing (default): DROP TABLE `orders`;
Executing (default): CREATE TABLE IF NOT EXISTS `orders` (`id` INTEGER PRIMARY KEY, `orderNumber` VARCHAR(255) NOT NULL UNIQUE, `userId` INTEGER NOT NULL REFERENCES `users` (`id`), `totalAmount` DECIMAL(10,2) NOT NULL, `totalItems` INTEGER NOT NULL, `shippingAddress` TEXT NOT NULL, `status` TEXT DEFAULT 'pending', `paymentStatus` TEXT DEFAULT 'pending', `notes` TEXT, `createdAt` DATETIME NOT NULL, `updatedAt` DATETIME NOT NULL);
Executing (default): INSERT INTO `orders` SELECT `id`, `orderNumber`, `userId`, `totalAmount`, `totalItems`, `shippingAddress`, `status`, `paymentStatus`, `notes`, `createdAt`, `updatedAt` FROM `orders_backup`;
Executing (default): DROP TABLE `orders_backup`;
Executing (default): PRAGMA TABLE_INFO(`orders`);
Executing (default): PRAGMA INDEX_LIST(`orders`)
Executing (default): PRAGMA INDEX_INFO(`sqlite_autoindex_orders_1`)
Executing (default): PRAGMA foreign_key_list(`orders`)
Executing (default): CREATE TABLE IF NOT EXISTS `orders_backup` (`id` INTEGER PRIMARY KEY, `orderNumber` VARCHAR(255) NOT NULL UNIQUE, `userId` INTEGER NOT NULL REFERENCES `users` (`id`), `totalAmount` DECIMAL(10,2) NOT NULL, `totalItems` INTEGER NOT NULL, `shippingAddress` TEXT NOT NULL, `status` TEXT DEFAULT 'pending', `paymentStatus` TEXT DEFAULT 'pending', `notes` TEXT, `createdAt` DATETIME NOT NULL, `updatedAt` DATETIME NOT NULL);
Executing (default): INSERT INTO `orders_backup` SELECT `id`, `orderNumber`, `userId`, `totalAmount`, `totalItems`, `shippingAddress`, `status`, `paymentStatus`, `notes`, `createdAt`, `updatedAt` FROM `orders`;
Executing (default): DROP TABLE `orders`;
Executing (default): CREATE TABLE IF NOT EXISTS `orders` (`id` INTEGER PRIMARY KEY, `orderNumber` VARCHAR(255) NOT NULL UNIQUE, `userId` INTEGER NOT NULL REFERENCES `users` (`id`), `totalAmount` DECIMAL(10,2) NOT NULL, `totalItems` INTEGER NOT NULL, `shippingAddress` TEXT NOT NULL, `status` TEXT DEFAULT 'pending', `paymentStatus` TEXT DEFAULT 'pending', `notes` TEXT, `createdAt` DATETIME NOT NULL, `updatedAt` DATETIME NOT NULL);
Executing (default): INSERT INTO `orders` SELECT `id`, `orderNumber`, `userId`, `totalAmount`, `totalItems`, `shippingAddress`, `status`, `paymentStatus`, `notes`, `createdAt`, `updatedAt` FROM `orders_backup`;
Executing (default): DROP TABLE `orders_backup`;
Executing (default): PRAGMA TABLE_INFO(`orders`);
Executing (default): PRAGMA INDEX_LIST(`orders`)
Executing (default): PRAGMA INDEX_INFO(`sqlite_autoindex_orders_1`)
Executing (default): PRAGMA foreign_key_list(`orders`)
Executing (default): CREATE TABLE IF NOT EXISTS `orders_backup` (`id` INTEGER PRIMARY KEY, `orderNumber` VARCHAR(255) NOT NULL UNIQUE, `userId` INTEGER NOT NULL REFERENCES `users` (`id`), `totalAmount` DECIMAL(10,2) NOT NULL, `totalItems` INTEGER NOT NULL, `shippingAddress` TEXT NOT NULL, `status` TEXT DEFAULT 'pending', `paymentStatus` TEXT DEFAULT 'pending', `notes` TEXT, `createdAt` DATETIME NOT NULL, `updatedAt` DATETIME NOT NULL);
Executing (default): INSERT INTO `orders_backup` SELECT `id`, `orderNumber`, `userId`, `totalAmount`, `totalItems`, `shippingAddress`, `status`, `paymentStatus`, `notes`, `createdAt`, `updatedAt` FROM `orders`;
Executing (default): DROP TABLE `orders`;
Executing (default): CREATE TABLE IF NOT EXISTS `orders` (`id` INTEGER PRIMARY KEY, `orderNumber` VARCHAR(255) NOT NULL UNIQUE, `userId` INTEGER NOT NULL REFERENCES `users` (`id`), `totalAmount` DECIMAL(10,2) NOT NULL, `totalItems` INTEGER NOT NULL, `shippingAddress` TEXT NOT NULL, `status` TEXT DEFAULT 'pending', `paymentStatus` TEXT DEFAULT 'pending', `notes` TEXT, `createdAt` DATETIME NOT NULL, `updatedAt` DATETIME NOT NULL);
Executing (default): INSERT INTO `orders` SELECT `id`, `orderNumber`, `userId`, `totalAmount`, `totalItems`, `shippingAddress`, `status`, `paymentStatus`, `notes`, `createdAt`, `updatedAt` FROM `orders_backup`;
Executing (default): DROP TABLE `orders_backup`;
Executing (default): PRAGMA INDEX_LIST(`orders`)
Executing (default): PRAGMA INDEX_INFO(`sqlite_autoindex_orders_1`)
Executing (default): SELECT name FROM sqlite_master WHERE type='table' AND name='order_items';
Executing (default): PRAGMA TABLE_INFO(`order_items`);
Executing (default): PRAGMA foreign_key_list(`order_items`)
Executing (default): PRAGMA INDEX_LIST(`order_items`)
Executing (default): PRAGMA foreign_key_list(`order_items`)
Executing (default): PRAGMA TABLE_INFO(`order_items`);
Executing (default): PRAGMA INDEX_LIST(`order_items`)
Executing (default): PRAGMA foreign_key_list(`order_items`)
Executing (default): CREATE TABLE IF NOT EXISTS `order_items_backup` (`id` INTEGER PRIMARY KEY, `orderId` INTEGER NOT NULL REFERENCES `orders` (`id`) ON DELETE CASCADE ON UPDATE CASCADE, `productId` INTEGER NOT NULL REFERENCES `products` (`id`), `productName` VARCHAR(255) NOT NULL, `quantity` INTEGER NOT NULL, `price` DECIMAL(10,2) NOT NULL, `subtotal` DECIMAL(10,2) NOT NULL, `createdAt` DATETIME NOT NULL, `updatedAt` DATETIME NOT NULL);
Executing (default): INSERT INTO `order_items_backup` SELECT `id`, `orderId`, `productId`, `productName`, `quantity`, `price`, `subtotal`, `createdAt`, `updatedAt` FROM `order_items`;
Executing (default): DROP TABLE `order_items`;
Executing (default): CREATE TABLE IF NOT EXISTS `order_items` (`id` INTEGER PRIMARY KEY, `orderId` INTEGER NOT NULL REFERENCES `orders` (`id`) ON DELETE CASCADE ON UPDATE CASCADE, `productId` INTEGER NOT NULL REFERENCES `products` (`id`), `productName` VARCHAR(255) NOT NULL, `quantity` INTEGER NOT NULL, `price` DECIMAL(10,2) NOT NULL, `subtotal` DECIMAL(10,2) NOT NULL, `createdAt` DATETIME NOT NULL, `updatedAt` DATETIME NOT NULL);
Executing (default): INSERT INTO `order_items` SELECT `id`, `orderId`, `productId`, `productName`, `quantity`, `price`, `subtotal`, `createdAt`, `updatedAt` FROM `order_items_backup`;
Executing (default): DROP TABLE `order_items_backup`;
Executing (default): PRAGMA TABLE_INFO(`order_items`);
Executing (default): PRAGMA INDEX_LIST(`order_items`)
Executing (default): PRAGMA foreign_key_list(`order_items`)
Executing (default): CREATE TABLE IF NOT EXISTS `order_items_backup` (`id` INTEGER PRIMARY KEY, `orderId` INTEGER NOT NULL REFERENCES `orders` (`id`), `productId` INTEGER NOT NULL REFERENCES `products` (`id`) ON DELETE CASCADE ON UPDATE CASCADE, `productName` VARCHAR(255) NOT NULL, `quantity` INTEGER NOT NULL, `price` DECIMAL(10,2) NOT NULL, `subtotal` DECIMAL(10,2) NOT NULL, `createdAt` DATETIME NOT NULL, `updatedAt` DATETIME NOT NULL);
Executing (default): INSERT INTO `order_items_backup` SELECT `id`, `orderId`, `productId`, `productName`, `quantity`, `price`, `subtotal`, `createdAt`, `updatedAt` FROM `order_items`;
Executing (default): DROP TABLE `order_items`;
Executing (default): CREATE TABLE IF NOT EXISTS `order_items` (`id` INTEGER PRIMARY KEY, `orderId` INTEGER NOT NULL REFERENCES `orders` (`id`), `productId` INTEGER NOT NULL REFERENCES `products` (`id`) ON DELETE CASCADE ON UPDATE CASCADE, `productName` VARCHAR(255) NOT NULL, `quantity` INTEGER NOT NULL, `price` DECIMAL(10,2) NOT NULL, `subtotal` DECIMAL(10,2) NOT NULL, `createdAt` DATETIME NOT NULL, `updatedAt` DATETIME NOT NULL);
Executing (default): INSERT INTO `order_items` SELECT `id`, `orderId`, `productId`, `productName`, `quantity`, `price`, `subtotal`, `createdAt`, `updatedAt` FROM `order_items_backup`;
Executing (default): DROP TABLE `order_items_backup`;
Executing (default): PRAGMA TABLE_INFO(`order_items`);
Executing (default): PRAGMA INDEX_LIST(`order_items`)
Executing (default): PRAGMA foreign_key_list(`order_items`)
Executing (default): CREATE TABLE IF NOT EXISTS `order_items_backup` (`id` INTEGER PRIMARY KEY, `orderId` INTEGER NOT NULL REFERENCES `orders` (`id`), `productId` INTEGER NOT NULL REFERENCES `products` (`id`), `productName` VARCHAR(255) NOT NULL, `quantity` INTEGER NOT NULL, `price` DECIMAL(10,2) NOT NULL, `subtotal` DECIMAL(10,2) NOT NULL, `createdAt` DATETIME NOT NULL, `updatedAt` DATETIME NOT NULL);
Executing (default): INSERT INTO `order_items_backup` SELECT `id`, `orderId`, `productId`, `productName`, `quantity`, `price`, `subtotal`, `createdAt`, `updatedAt` FROM `order_items`;
Executing (default): DROP TABLE `order_items`;
Executing (default): CREATE TABLE IF NOT EXISTS `order_items` (`id` INTEGER PRIMARY KEY, `orderId` INTEGER NOT NULL REFERENCES `orders` (`id`), `productId` INTEGER NOT NULL REFERENCES `products` (`id`), `productName` VARCHAR(255) NOT NULL, `quantity` INTEGER NOT NULL, `price` DECIMAL(10,2) NOT NULL, `subtotal` DECIMAL(10,2) NOT NULL, `createdAt` DATETIME NOT NULL, `updatedAt` DATETIME NOT NULL);
Executing (default): INSERT INTO `order_items` SELECT `id`, `orderId`, `productId`, `productName`, `quantity`, `price`, `subtotal`, `createdAt`, `updatedAt` FROM `order_items_backup`;
Executing (default): DROP TABLE `order_items_backup`;
Executing (default): PRAGMA TABLE_INFO(`order_items`);
Executing (default): PRAGMA INDEX_LIST(`order_items`)
Executing (default): PRAGMA foreign_key_list(`order_items`)
Executing (default): CREATE TABLE IF NOT EXISTS `order_items_backup` (`id` INTEGER PRIMARY KEY, `orderId` INTEGER NOT NULL REFERENCES `orders` (`id`), `productId` INTEGER NOT NULL REFERENCES `products` (`id`), `productName` VARCHAR(255) NOT NULL, `quantity` INTEGER NOT NULL, `price` DECIMAL(10,2) NOT NULL, `subtotal` DECIMAL(10,2) NOT NULL, `createdAt` DATETIME NOT NULL, `updatedAt` DATETIME NOT NULL);
Executing (default): INSERT INTO `order_items_backup` SELECT `id`, `orderId`, `productId`, `productName`, `quantity`, `price`, `subtotal`, `createdAt`, `updatedAt` FROM `order_items`;
Executing (default): DROP TABLE `order_items`;
Executing (default): CREATE TABLE IF NOT EXISTS `order_items` (`id` INTEGER PRIMARY KEY, `orderId` INTEGER NOT NULL REFERENCES `orders` (`id`), `productId` INTEGER NOT NULL REFERENCES `products` (`id`), `productName` VARCHAR(255) NOT NULL, `quantity` INTEGER NOT NULL, `price` DECIMAL(10,2) NOT NULL, `subtotal` DECIMAL(10,2) NOT NULL, `createdAt` DATETIME NOT NULL, `updatedAt` DATETIME NOT NULL);
Executing (default): INSERT INTO `order_items` SELECT `id`, `orderId`, `productId`, `productName`, `quantity`, `price`, `subtotal`, `createdAt`, `updatedAt` FROM `order_items_backup`;
Executing (default): DROP TABLE `order_items_backup`;
Executing (default): PRAGMA TABLE_INFO(`order_items`);
Executing (default): PRAGMA INDEX_LIST(`order_items`)
Executing (default): PRAGMA foreign_key_list(`order_items`)
Executing (default): CREATE TABLE IF NOT EXISTS `order_items_backup` (`id` INTEGER PRIMARY KEY, `orderId` INTEGER NOT NULL REFERENCES `orders` (`id`), `productId` INTEGER NOT NULL REFERENCES `products` (`id`), `productName` VARCHAR(255) NOT NULL, `quantity` INTEGER NOT NULL, `price` DECIMAL(10,2) NOT NULL, `subtotal` DECIMAL(10,2) NOT NULL, `createdAt` DATETIME NOT NULL, `updatedAt` DATETIME NOT NULL);
Executing (default): INSERT INTO `order_items_backup` SELECT `id`, `orderId`, `productId`, `productName`, `quantity`, `price`, `subtotal`, `createdAt`, `updatedAt` FROM `order_items`;
Executing (default): DROP TABLE `order_items`;
Executing (default): CREATE TABLE IF NOT EXISTS `order_items` (`id` INTEGER PRIMARY KEY, `orderId` INTEGER NOT NULL REFERENCES `orders` (`id`), `productId` INTEGER NOT NULL REFERENCES `products` (`id`), `productName` VARCHAR(255) NOT NULL, `quantity` INTEGER NOT NULL, `price` DECIMAL(10,2) NOT NULL, `subtotal` DECIMAL(10,2) NOT NULL, `createdAt` DATETIME NOT NULL, `updatedAt` DATETIME NOT NULL);
Executing (default): INSERT INTO `order_items` SELECT `id`, `orderId`, `productId`, `productName`, `quantity`, `price`, `subtotal`, `createdAt`, `updatedAt` FROM `order_items_backup`;
Executing (default): DROP TABLE `order_items_backup`;
Executing (default): PRAGMA TABLE_INFO(`order_items`);
Executing (default): PRAGMA INDEX_LIST(`order_items`)
Executing (default): PRAGMA foreign_key_list(`order_items`)
Executing (default): CREATE TABLE IF NOT EXISTS `order_items_backup` (`id` INTEGER PRIMARY KEY, `orderId` INTEGER NOT NULL REFERENCES `orders` (`id`), `productId` INTEGER NOT NULL REFERENCES `products` (`id`), `productName` VARCHAR(255) NOT NULL, `quantity` INTEGER NOT NULL, `price` DECIMAL(10,2) NOT NULL, `subtotal` DECIMAL(10,2) NOT NULL, `createdAt` DATETIME NOT NULL, `updatedAt` DATETIME NOT NULL);
Executing (default): INSERT INTO `order_items_backup` SELECT `id`, `orderId`, `productId`, `productName`, `quantity`, `price`, `subtotal`, `createdAt`, `updatedAt` FROM `order_items`;
Executing (default): DROP TABLE `order_items`;
Executing (default): CREATE TABLE IF NOT EXISTS `order_items` (`id` INTEGER PRIMARY KEY, `orderId` INTEGER NOT NULL REFERENCES `orders` (`id`), `productId` INTEGER NOT NULL REFERENCES `products` (`id`), `productName` VARCHAR(255) NOT NULL, `quantity` INTEGER NOT NULL, `price` DECIMAL(10,2) NOT NULL, `subtotal` DECIMAL(10,2) NOT NULL, `createdAt` DATETIME NOT NULL, `updatedAt` DATETIME NOT NULL);
Executing (default): INSERT INTO `order_items` SELECT `id`, `orderId`, `productId`, `productName`, `quantity`, `price`, `subtotal`, `createdAt`, `updatedAt` FROM `order_items_backup`;
Executing (default): DROP TABLE `order_items_backup`;
Executing (default): PRAGMA TABLE_INFO(`order_items`);
Executing (default): PRAGMA INDEX_LIST(`order_items`)
Executing (default): PRAGMA foreign_key_list(`order_items`)
Executing (default): CREATE TABLE IF NOT EXISTS `order_items_backup` (`id` INTEGER PRIMARY KEY, `orderId` INTEGER NOT NULL REFERENCES `orders` (`id`), `productId` INTEGER NOT NULL REFERENCES `products` (`id`), `productName` VARCHAR(255) NOT NULL, `quantity` INTEGER NOT NULL, `price` DECIMAL(10,2) NOT NULL, `subtotal` DECIMAL(10,2) NOT NULL, `createdAt` DATETIME NOT NULL, `updatedAt` DATETIME NOT NULL);
Executing (default): INSERT INTO `order_items_backup` SELECT `id`, `orderId`, `productId`, `productName`, `quantity`, `price`, `subtotal`, `createdAt`, `updatedAt` FROM `order_items`;
Executing (default): DROP TABLE `order_items`;
Executing (default): CREATE TABLE IF NOT EXISTS `order_items` (`id` INTEGER PRIMARY KEY, `orderId` INTEGER NOT NULL REFERENCES `orders` (`id`), `productId` INTEGER NOT NULL REFERENCES `products` (`id`), `productName` VARCHAR(255) NOT NULL, `quantity` INTEGER NOT NULL, `price` DECIMAL(10,2) NOT NULL, `subtotal` DECIMAL(10,2) NOT NULL, `createdAt` DATETIME NOT NULL, `updatedAt` DATETIME NOT NULL);
Executing (default): INSERT INTO `order_items` SELECT `id`, `orderId`, `productId`, `productName`, `quantity`, `price`, `subtotal`, `createdAt`, `updatedAt` FROM `order_items_backup`;
Executing (default): DROP TABLE `order_items_backup`;
Executing (default): PRAGMA TABLE_INFO(`order_items`);
Executing (default): PRAGMA INDEX_LIST(`order_items`)
Executing (default): PRAGMA foreign_key_list(`order_items`)
Executing (default): CREATE TABLE IF NOT EXISTS `order_items_backup` (`id` INTEGER PRIMARY KEY, `orderId` INTEGER NOT NULL REFERENCES `orders` (`id`), `productId` INTEGER NOT NULL REFERENCES `products` (`id`), `productName` VARCHAR(255) NOT NULL, `quantity` INTEGER NOT NULL, `price` DECIMAL(10,2) NOT NULL, `subtotal` DECIMAL(10,2) NOT NULL, `createdAt` DATETIME NOT NULL, `updatedAt` DATETIME NOT NULL);
Executing (default): INSERT INTO `order_items_backup` SELECT `id`, `orderId`, `productId`, `productName`, `quantity`, `price`, `subtotal`, `createdAt`, `updatedAt` FROM `order_items`;
Executing (default): DROP TABLE `order_items`;
Executing (default): CREATE TABLE IF NOT EXISTS `order_items` (`id` INTEGER PRIMARY KEY, `orderId` INTEGER NOT NULL REFERENCES `orders` (`id`), `productId` INTEGER NOT NULL REFERENCES `products` (`id`), `productName` VARCHAR(255) NOT NULL, `quantity` INTEGER NOT NULL, `price` DECIMAL(10,2) NOT NULL, `subtotal` DECIMAL(10,2) NOT NULL, `createdAt` DATETIME NOT NULL, `updatedAt` DATETIME NOT NULL);
Executing (default): INSERT INTO `order_items` SELECT `id`, `orderId`, `productId`, `productName`, `quantity`, `price`, `subtotal`, `createdAt`, `updatedAt` FROM `order_items_backup`;
Executing (default): DROP TABLE `order_items_backup`;
Executing (default): PRAGMA INDEX_LIST(`order_items`)
Γ£ô Database models synchronized

Γ£ô Models loaded:
  - User
  - Product
  - Cart
  - CartItem
  - Wishlist
  - Order
  - OrderItem

Γ£ô All tests passed! Database is ready.
